Copyright 1986-2022 Xilinx, Inc. All Rights Reserved. Copyright 2022-2025 Advanced Micro Devices, Inc. All Rights Reserved.
-----------------------------------------------------------------------------------------------------------------------------------------------------------------------
| Tool Version : Vivado v.2025.1 (win64) Build 6140274 Thu May 22 00:12:29 MDT 2025
| Date         : Thu Dec  4 12:51:14 2025
| Host         : DESKTOP-H6STBOR running 64-bit major release  (build 9200)
| Command      : report_methodology -file NexysA7_Top_methodology_drc_routed.rpt -pb NexysA7_Top_methodology_drc_routed.pb -rpx NexysA7_Top_methodology_drc_routed.rpx
| Design       : NexysA7_Top
| Device       : xc7a100tcsg324-1
| Speed File   : -1
| Design State : Fully Routed
-----------------------------------------------------------------------------------------------------------------------------------------------------------------------

Report Methodology

Table of Contents
-----------------
1. REPORT SUMMARY
2. REPORT DETAILS

1. REPORT SUMMARY
-----------------
            Netlist: netlist
          Floorplan: design_1
      Design limits: <entire design considered>
             Max checks: <unlimited>
             Checks found: 117
+-----------+------------------+------------------------------------------------------------------+--------+
| Rule      | Severity         | Description                                                      | Checks |
+-----------+------------------+------------------------------------------------------------------+--------+
| TIMING-6  | Critical Warning | No common primary clock between related clocks                   | 2      |
| LUTAR-1   | Warning          | LUT drives async reset alert                                     | 2      |
| TIMING-9  | Warning          | Unknown CDC Logic                                                | 1      |
| TIMING-16 | Warning          | Large setup violation                                            | 67     |
| TIMING-18 | Warning          | Missing input or output delay                                    | 43     |
| TIMING-56 | Warning          | Missing logically or physically excluded clock groups constraint | 2      |
+-----------+------------------+------------------------------------------------------------------+--------+

2. REPORT DETAILS
-----------------
TIMING-6#1 Critical Warning
No common primary clock between related clocks  
The clocks clk_out1_RISC_V_clk_wiz_1_0 and clk_out1_RISC_V_clk_wiz_1_0_1 are related (timed together) but they have no common primary clock. The design could fail in hardware. To find a timing path between these clocks, run the following command: report_timing -from [get_clocks clk_out1_RISC_V_clk_wiz_1_0] -to [get_clocks clk_out1_RISC_V_clk_wiz_1_0_1]
Related violations: <none>

TIMING-6#2 Critical Warning
No common primary clock between related clocks  
The clocks clk_out1_RISC_V_clk_wiz_1_0_1 and clk_out1_RISC_V_clk_wiz_1_0 are related (timed together) but they have no common primary clock. The design could fail in hardware. To find a timing path between these clocks, run the following command: report_timing -from [get_clocks clk_out1_RISC_V_clk_wiz_1_0_1] -to [get_clocks clk_out1_RISC_V_clk_wiz_1_0]
Related violations: <none>

LUTAR-1#1 Warning
LUT drives async reset alert  
LUT cell u_cpu/RISC_V_i/microblaze_riscv_0/U0/riscv_core_I/Base.Core/Decode_I/Serial_Dbg_Intf.abstractcs_busy_rst_i_i_1, with 2 or more inputs, drives asynchronous preset/clear pin(s) u_cpu/RISC_V_i/microblaze_riscv_0/U0/riscv_core_I/Base.Core/Use_Debug_Logic.Master_Core.Debug_Perf/Serial_Dbg_Intf.abstractcs_busy_reg/CLR. The LUT may glitch and trigger an unexpected reset, even if it is a properly timed path.
Related violations: <none>

LUTAR-1#2 Warning
LUT drives async reset alert  
LUT cell u_cpu/RISC_V_i/microblaze_riscv_0/U0/riscv_core_I/Base.Core/Use_Debug_Logic.Master_Core.Debug_Perf/Serial_Dbg_Intf.resume_rst_i_i_1, with 2 or more inputs, drives asynchronous preset/clear pin(s) u_cpu/RISC_V_i/microblaze_riscv_0/U0/riscv_core_I/Base.Core/Use_Debug_Logic.Master_Core.Debug_Perf/Serial_Dbg_Intf.resumeack_reg/PRE. The LUT may glitch and trigger an unexpected reset, even if it is a properly timed path.
Related violations: <none>

TIMING-9#1 Warning
Unknown CDC Logic  
One or more asynchronous Clock Domain Crossing has been detected between 2 clock domains through a set_false_path or a set_clock_groups or set_max_delay -datapath_only constraint but no double-registers logic synchronizer has been found on the side of the capture clock. It is recommended to run report_cdc for a complete and detailed CDC coverage. Please consider using XPM_CDC to avoid Critical severities
Related violations: <none>

TIMING-16#1 Warning
Large setup violation  
There is a large setup violation of -1.022 ns between u_cpu/RISC_V_i/microblaze_riscv_0/U0/riscv_core_I/Base.Core/Decode_I/PreFetch_Buffer_I/INSTR_BUFFER_I1/cur_data_i_reg[14]/C (clocked by clk_out1_RISC_V_clk_wiz_1_0_1) and u_cpu/RISC_V_i/microblaze_riscv_0/U0/riscv_core_I/Base.Core/Decode_I/PC_Module_I/Instruction_Prefetch_Mux[28].Gen_Instr_DFF/Using_FPGA.Native/D (clocked by clk_out1_RISC_V_clk_wiz_1_0). Large setup violations at the end of those stages might be difficult to fix during the post-placement implementation flow and could be the result of non-optimal XDC constraints or non-optimal design architecture
Related violations: <none>

TIMING-16#2 Warning
Large setup violation  
There is a large setup violation of -1.122 ns between u_cpu/RISC_V_i/microblaze_riscv_0/U0/riscv_core_I/Base.Core/Decode_I/PreFetch_Buffer_I/INSTR_BUFFER_I1/cur_data_i_reg[4]/C (clocked by clk_out1_RISC_V_clk_wiz_1_0_1) and u_cpu/RISC_V_i/microblaze_riscv_0/U0/riscv_core_I/Base.Core/Data_Flow_I/Operand_Select_I/EX_Branch_Base_reg[28]/D (clocked by clk_out1_RISC_V_clk_wiz_1_0). Large setup violations at the end of those stages might be difficult to fix during the post-placement implementation flow and could be the result of non-optimal XDC constraints or non-optimal design architecture
Related violations: <none>

TIMING-16#3 Warning
Large setup violation  
There is a large setup violation of -1.146 ns between u_cpu/RISC_V_i/microblaze_riscv_0/U0/riscv_core_I/Base.Core/Decode_I/PreFetch_Buffer_I/INSTR_BUFFER_I1/cur_data_i_reg[4]/C (clocked by clk_out1_RISC_V_clk_wiz_1_0_1) and u_cpu/RISC_V_i/microblaze_riscv_0/U0/riscv_core_I/Base.Core/Data_Flow_I/Operand_Select_I/EX_Branch_Base_reg[26]/D (clocked by clk_out1_RISC_V_clk_wiz_1_0). Large setup violations at the end of those stages might be difficult to fix during the post-placement implementation flow and could be the result of non-optimal XDC constraints or non-optimal design architecture
Related violations: <none>

TIMING-16#4 Warning
Large setup violation  
There is a large setup violation of -1.152 ns between u_cpu/RISC_V_i/microblaze_riscv_0/U0/riscv_core_I/Base.Core/Decode_I/PreFetch_Buffer_I/INSTR_BUFFER_I1/cur_data_i_reg[14]/C (clocked by clk_out1_RISC_V_clk_wiz_1_0_1) and u_cpu/RISC_V_i/microblaze_riscv_0/U0/riscv_core_I/Base.Core/Data_Flow_I/Operand_Select_I/EX_Op2_reg[27]/CE (clocked by clk_out1_RISC_V_clk_wiz_1_0). Large setup violations at the end of those stages might be difficult to fix during the post-placement implementation flow and could be the result of non-optimal XDC constraints or non-optimal design architecture
Related violations: <none>

TIMING-16#5 Warning
Large setup violation  
There is a large setup violation of -1.213 ns between u_cpu/RISC_V_i/microblaze_riscv_0/U0/riscv_core_I/Base.Core/Decode_I/PreFetch_Buffer_I/INSTR_BUFFER_I1/cur_data_i_reg[14]/C (clocked by clk_out1_RISC_V_clk_wiz_1_0_1) and u_cpu/RISC_V_i/microblaze_riscv_0/U0/riscv_core_I/Base.Core/Decode_I/EX_Gen_Bits[2].EX_Instr_Reg_FF/Using_FPGA.Native/CE (clocked by clk_out1_RISC_V_clk_wiz_1_0). Large setup violations at the end of those stages might be difficult to fix during the post-placement implementation flow and could be the result of non-optimal XDC constraints or non-optimal design architecture
Related violations: <none>

TIMING-16#6 Warning
Large setup violation  
There is a large setup violation of -1.213 ns between u_cpu/RISC_V_i/microblaze_riscv_0/U0/riscv_core_I/Base.Core/Decode_I/PreFetch_Buffer_I/INSTR_BUFFER_I1/cur_data_i_reg[14]/C (clocked by clk_out1_RISC_V_clk_wiz_1_0_1) and u_cpu/RISC_V_i/microblaze_riscv_0/U0/riscv_core_I/Base.Core/Decode_I/EX_Gen_Bits[4].EX_Instr_Reg_FF/Using_FPGA.Native/CE (clocked by clk_out1_RISC_V_clk_wiz_1_0). Large setup violations at the end of those stages might be difficult to fix during the post-placement implementation flow and could be the result of non-optimal XDC constraints or non-optimal design architecture
Related violations: <none>

TIMING-16#7 Warning
Large setup violation  
There is a large setup violation of -1.289 ns between u_cpu/RISC_V_i/microblaze_riscv_0/U0/riscv_core_I/Base.Core/Decode_I/PreFetch_Buffer_I/INSTR_BUFFER_I1/cur_data_i_reg[4]/C (clocked by clk_out1_RISC_V_clk_wiz_1_0_1) and u_cpu/RISC_V_i/microblaze_riscv_0/U0/riscv_core_I/Base.Core/Data_Flow_I/Operand_Select_I/EX_Branch_Base_reg[25]/D (clocked by clk_out1_RISC_V_clk_wiz_1_0). Large setup violations at the end of those stages might be difficult to fix during the post-placement implementation flow and could be the result of non-optimal XDC constraints or non-optimal design architecture
Related violations: <none>

TIMING-16#8 Warning
Large setup violation  
There is a large setup violation of -1.297 ns between u_cpu/RISC_V_i/microblaze_riscv_0/U0/riscv_core_I/Base.Core/Decode_I/PreFetch_Buffer_I/INSTR_BUFFER_I1/cur_data_i_reg[14]/C (clocked by clk_out1_RISC_V_clk_wiz_1_0_1) and u_cpu/RISC_V_i/microblaze_riscv_0/U0/riscv_core_I/Base.Core/Decode_I/EX_Gen_Bits[8].EX_Instr_Reg_FF/Using_FPGA.Native/CE (clocked by clk_out1_RISC_V_clk_wiz_1_0). Large setup violations at the end of those stages might be difficult to fix during the post-placement implementation flow and could be the result of non-optimal XDC constraints or non-optimal design architecture
Related violations: <none>

TIMING-16#9 Warning
Large setup violation  
There is a large setup violation of -1.301 ns between u_cpu/RISC_V_i/microblaze_riscv_0/U0/riscv_core_I/Base.Core/Decode_I/PreFetch_Buffer_I/INSTR_BUFFER_I1/cur_data_i_reg[14]/C (clocked by clk_out1_RISC_V_clk_wiz_1_0_1) and u_cpu/RISC_V_i/microblaze_riscv_0/U0/riscv_core_I/Base.Core/Data_Flow_I/Operand_Select_I/EX_Op1_reg[27]/CE (clocked by clk_out1_RISC_V_clk_wiz_1_0). Large setup violations at the end of those stages might be difficult to fix during the post-placement implementation flow and could be the result of non-optimal XDC constraints or non-optimal design architecture
Related violations: <none>

TIMING-16#10 Warning
Large setup violation  
There is a large setup violation of -1.301 ns between u_cpu/RISC_V_i/microblaze_riscv_0/U0/riscv_core_I/Base.Core/Decode_I/PreFetch_Buffer_I/INSTR_BUFFER_I1/cur_data_i_reg[14]/C (clocked by clk_out1_RISC_V_clk_wiz_1_0_1) and u_cpu/RISC_V_i/microblaze_riscv_0/U0/riscv_core_I/Base.Core/Data_Flow_I/Operand_Select_I/EX_Op2_reg[26]/CE (clocked by clk_out1_RISC_V_clk_wiz_1_0). Large setup violations at the end of those stages might be difficult to fix during the post-placement implementation flow and could be the result of non-optimal XDC constraints or non-optimal design architecture
Related violations: <none>

TIMING-16#11 Warning
Large setup violation  
There is a large setup violation of -1.313 ns between u_cpu/RISC_V_i/microblaze_riscv_0/U0/riscv_core_I/Base.Core/Decode_I/PreFetch_Buffer_I/INSTR_BUFFER_I1/cur_data_i_reg[14]/C (clocked by clk_out1_RISC_V_clk_wiz_1_0_1) and u_cpu/RISC_V_i/microblaze_riscv_0/U0/riscv_core_I/Base.Core/Use_Debug_Logic.Master_Core.Debug_Perf/Performance_Debug_Control.ex_trigger_action_reg/D (clocked by clk_out1_RISC_V_clk_wiz_1_0). Large setup violations at the end of those stages might be difficult to fix during the post-placement implementation flow and could be the result of non-optimal XDC constraints or non-optimal design architecture
Related violations: <none>

TIMING-16#12 Warning
Large setup violation  
There is a large setup violation of -1.417 ns between u_cpu/RISC_V_i/microblaze_riscv_0/U0/riscv_core_I/Base.Core/Decode_I/PreFetch_Buffer_I/INSTR_BUFFER_I1/cur_data_i_reg[14]/C (clocked by clk_out1_RISC_V_clk_wiz_1_0_1) and u_cpu/RISC_V_i/microblaze_riscv_0/U0/riscv_core_I/Base.Core/Data_Flow_I/Operand_Select_I/ex_imm_not_4_reg[21]/CE (clocked by clk_out1_RISC_V_clk_wiz_1_0). Large setup violations at the end of those stages might be difficult to fix during the post-placement implementation flow and could be the result of non-optimal XDC constraints or non-optimal design architecture
Related violations: <none>

TIMING-16#13 Warning
Large setup violation  
There is a large setup violation of -1.417 ns between u_cpu/RISC_V_i/microblaze_riscv_0/U0/riscv_core_I/Base.Core/Decode_I/PreFetch_Buffer_I/INSTR_BUFFER_I1/cur_data_i_reg[14]/C (clocked by clk_out1_RISC_V_clk_wiz_1_0_1) and u_cpu/RISC_V_i/microblaze_riscv_0/U0/riscv_core_I/Base.Core/Data_Flow_I/Operand_Select_I/ex_imm_not_4_reg[22]/CE (clocked by clk_out1_RISC_V_clk_wiz_1_0). Large setup violations at the end of those stages might be difficult to fix during the post-placement implementation flow and could be the result of non-optimal XDC constraints or non-optimal design architecture
Related violations: <none>

TIMING-16#14 Warning
Large setup violation  
There is a large setup violation of -1.417 ns between u_cpu/RISC_V_i/microblaze_riscv_0/U0/riscv_core_I/Base.Core/Decode_I/PreFetch_Buffer_I/INSTR_BUFFER_I1/cur_data_i_reg[14]/C (clocked by clk_out1_RISC_V_clk_wiz_1_0_1) and u_cpu/RISC_V_i/microblaze_riscv_0/U0/riscv_core_I/Base.Core/Data_Flow_I/Operand_Select_I/ex_imm_not_4_reg[23]/CE (clocked by clk_out1_RISC_V_clk_wiz_1_0). Large setup violations at the end of those stages might be difficult to fix during the post-placement implementation flow and could be the result of non-optimal XDC constraints or non-optimal design architecture
Related violations: <none>

TIMING-16#15 Warning
Large setup violation  
There is a large setup violation of -1.439 ns between u_cpu/RISC_V_i/microblaze_riscv_0/U0/riscv_core_I/Base.Core/Decode_I/PreFetch_Buffer_I/INSTR_BUFFER_I1/cur_data_i_reg[14]/C (clocked by clk_out1_RISC_V_clk_wiz_1_0_1) and u_cpu/RISC_V_i/microblaze_riscv_0/U0/riscv_core_I/Base.Core/Data_Flow_I/Operand_Select_I/EX_Op1_reg[29]/CE (clocked by clk_out1_RISC_V_clk_wiz_1_0). Large setup violations at the end of those stages might be difficult to fix during the post-placement implementation flow and could be the result of non-optimal XDC constraints or non-optimal design architecture
Related violations: <none>

TIMING-16#16 Warning
Large setup violation  
There is a large setup violation of -1.439 ns between u_cpu/RISC_V_i/microblaze_riscv_0/U0/riscv_core_I/Base.Core/Decode_I/PreFetch_Buffer_I/INSTR_BUFFER_I1/cur_data_i_reg[14]/C (clocked by clk_out1_RISC_V_clk_wiz_1_0_1) and u_cpu/RISC_V_i/microblaze_riscv_0/U0/riscv_core_I/Base.Core/Data_Flow_I/Operand_Select_I/EX_Op2_reg[23]/CE (clocked by clk_out1_RISC_V_clk_wiz_1_0). Large setup violations at the end of those stages might be difficult to fix during the post-placement implementation flow and could be the result of non-optimal XDC constraints or non-optimal design architecture
Related violations: <none>

TIMING-16#17 Warning
Large setup violation  
There is a large setup violation of -1.439 ns between u_cpu/RISC_V_i/microblaze_riscv_0/U0/riscv_core_I/Base.Core/Decode_I/PreFetch_Buffer_I/INSTR_BUFFER_I1/cur_data_i_reg[14]/C (clocked by clk_out1_RISC_V_clk_wiz_1_0_1) and u_cpu/RISC_V_i/microblaze_riscv_0/U0/riscv_core_I/Base.Core/Data_Flow_I/Operand_Select_I/EX_Op2_reg[29]/CE (clocked by clk_out1_RISC_V_clk_wiz_1_0). Large setup violations at the end of those stages might be difficult to fix during the post-placement implementation flow and could be the result of non-optimal XDC constraints or non-optimal design architecture
Related violations: <none>

TIMING-16#18 Warning
Large setup violation  
There is a large setup violation of -1.486 ns between u_cpu/RISC_V_i/microblaze_riscv_0/U0/riscv_core_I/Base.Core/Decode_I/PreFetch_Buffer_I/INSTR_BUFFER_I1/cur_data_i_reg[14]/C (clocked by clk_out1_RISC_V_clk_wiz_1_0_1) and u_cpu/RISC_V_i/microblaze_riscv_0/U0/riscv_core_I/Base.Core/Use_Debug_Logic.Master_Core.Debug_Perf/Performance_Debug_Control.single_Step_hold_reg/D (clocked by clk_out1_RISC_V_clk_wiz_1_0). Large setup violations at the end of those stages might be difficult to fix during the post-placement implementation flow and could be the result of non-optimal XDC constraints or non-optimal design architecture
Related violations: <none>

TIMING-16#19 Warning
Large setup violation  
There is a large setup violation of -1.523 ns between u_cpu/RISC_V_i/microblaze_riscv_0/U0/riscv_core_I/Base.Core/Decode_I/PreFetch_Buffer_I/INSTR_BUFFER_I1/cur_data_i_reg[4]/C (clocked by clk_out1_RISC_V_clk_wiz_1_0_1) and u_cpu/RISC_V_i/microblaze_riscv_0/U0/riscv_core_I/Base.Core/Data_Flow_I/Operand_Select_I/EX_Branch_Base_reg[20]/D (clocked by clk_out1_RISC_V_clk_wiz_1_0). Large setup violations at the end of those stages might be difficult to fix during the post-placement implementation flow and could be the result of non-optimal XDC constraints or non-optimal design architecture
Related violations: <none>

TIMING-16#20 Warning
Large setup violation  
There is a large setup violation of -1.577 ns between u_cpu/RISC_V_i/microblaze_riscv_0/U0/riscv_core_I/Base.Core/Decode_I/PreFetch_Buffer_I/INSTR_BUFFER_I1/cur_data_i_reg[14]/C (clocked by clk_out1_RISC_V_clk_wiz_1_0_1) and u_cpu/RISC_V_i/microblaze_riscv_0/U0/riscv_core_I/Base.Core/Data_Flow_I/Operand_Select_I/ex_imm_not_4_reg[20]/CE (clocked by clk_out1_RISC_V_clk_wiz_1_0). Large setup violations at the end of those stages might be difficult to fix during the post-placement implementation flow and could be the result of non-optimal XDC constraints or non-optimal design architecture
Related violations: <none>

TIMING-16#21 Warning
Large setup violation  
There is a large setup violation of -1.577 ns between u_cpu/RISC_V_i/microblaze_riscv_0/U0/riscv_core_I/Base.Core/Decode_I/PreFetch_Buffer_I/INSTR_BUFFER_I1/cur_data_i_reg[14]/C (clocked by clk_out1_RISC_V_clk_wiz_1_0_1) and u_cpu/RISC_V_i/microblaze_riscv_0/U0/riscv_core_I/Base.Core/Data_Flow_I/Operand_Select_I/ex_imm_not_4_reg[28]/CE (clocked by clk_out1_RISC_V_clk_wiz_1_0). Large setup violations at the end of those stages might be difficult to fix during the post-placement implementation flow and could be the result of non-optimal XDC constraints or non-optimal design architecture
Related violations: <none>

TIMING-16#22 Warning
Large setup violation  
There is a large setup violation of -1.580 ns between u_cpu/RISC_V_i/microblaze_riscv_0/U0/riscv_core_I/Base.Core/Decode_I/PreFetch_Buffer_I/INSTR_BUFFER_I1/cur_data_i_reg[14]/C (clocked by clk_out1_RISC_V_clk_wiz_1_0_1) and u_cpu/RISC_V_i/microblaze_riscv_0/U0/riscv_core_I/Base.Core/Data_Flow_I/Operand_Select_I/EX_Op1_reg[0]/CE (clocked by clk_out1_RISC_V_clk_wiz_1_0). Large setup violations at the end of those stages might be difficult to fix during the post-placement implementation flow and could be the result of non-optimal XDC constraints or non-optimal design architecture
Related violations: <none>

TIMING-16#23 Warning
Large setup violation  
There is a large setup violation of -1.580 ns between u_cpu/RISC_V_i/microblaze_riscv_0/U0/riscv_core_I/Base.Core/Decode_I/PreFetch_Buffer_I/INSTR_BUFFER_I1/cur_data_i_reg[14]/C (clocked by clk_out1_RISC_V_clk_wiz_1_0_1) and u_cpu/RISC_V_i/microblaze_riscv_0/U0/riscv_core_I/Base.Core/Data_Flow_I/Operand_Select_I/EX_Op1_reg[13]/CE (clocked by clk_out1_RISC_V_clk_wiz_1_0). Large setup violations at the end of those stages might be difficult to fix during the post-placement implementation flow and could be the result of non-optimal XDC constraints or non-optimal design architecture
Related violations: <none>

TIMING-16#24 Warning
Large setup violation  
There is a large setup violation of -1.580 ns between u_cpu/RISC_V_i/microblaze_riscv_0/U0/riscv_core_I/Base.Core/Decode_I/PreFetch_Buffer_I/INSTR_BUFFER_I1/cur_data_i_reg[14]/C (clocked by clk_out1_RISC_V_clk_wiz_1_0_1) and u_cpu/RISC_V_i/microblaze_riscv_0/U0/riscv_core_I/Base.Core/Data_Flow_I/Operand_Select_I/EX_Op2_reg[0]/CE (clocked by clk_out1_RISC_V_clk_wiz_1_0). Large setup violations at the end of those stages might be difficult to fix during the post-placement implementation flow and could be the result of non-optimal XDC constraints or non-optimal design architecture
Related violations: <none>

TIMING-16#25 Warning
Large setup violation  
There is a large setup violation of -1.580 ns between u_cpu/RISC_V_i/microblaze_riscv_0/U0/riscv_core_I/Base.Core/Decode_I/PreFetch_Buffer_I/INSTR_BUFFER_I1/cur_data_i_reg[14]/C (clocked by clk_out1_RISC_V_clk_wiz_1_0_1) and u_cpu/RISC_V_i/microblaze_riscv_0/U0/riscv_core_I/Base.Core/Data_Flow_I/Operand_Select_I/EX_Op2_reg[13]/CE (clocked by clk_out1_RISC_V_clk_wiz_1_0). Large setup violations at the end of those stages might be difficult to fix during the post-placement implementation flow and could be the result of non-optimal XDC constraints or non-optimal design architecture
Related violations: <none>

TIMING-16#26 Warning
Large setup violation  
There is a large setup violation of -1.592 ns between u_cpu/RISC_V_i/microblaze_riscv_0/U0/riscv_core_I/Base.Core/Decode_I/PreFetch_Buffer_I/INSTR_BUFFER_I1/cur_data_i_reg[14]/C (clocked by clk_out1_RISC_V_clk_wiz_1_0_1) and u_cpu/RISC_V_i/microblaze_riscv_0/U0/riscv_core_I/Base.Core/Data_Flow_I/Operand_Select_I/EX_Branch_Base_reg[30]/CE (clocked by clk_out1_RISC_V_clk_wiz_1_0). Large setup violations at the end of those stages might be difficult to fix during the post-placement implementation flow and could be the result of non-optimal XDC constraints or non-optimal design architecture
Related violations: <none>

TIMING-16#27 Warning
Large setup violation  
There is a large setup violation of -1.592 ns between u_cpu/RISC_V_i/microblaze_riscv_0/U0/riscv_core_I/Base.Core/Decode_I/PreFetch_Buffer_I/INSTR_BUFFER_I1/cur_data_i_reg[14]/C (clocked by clk_out1_RISC_V_clk_wiz_1_0_1) and u_cpu/RISC_V_i/microblaze_riscv_0/U0/riscv_core_I/Base.Core/Data_Flow_I/Operand_Select_I/EX_Branch_Base_reg[31]/CE (clocked by clk_out1_RISC_V_clk_wiz_1_0). Large setup violations at the end of those stages might be difficult to fix during the post-placement implementation flow and could be the result of non-optimal XDC constraints or non-optimal design architecture
Related violations: <none>

TIMING-16#28 Warning
Large setup violation  
There is a large setup violation of -1.592 ns between u_cpu/RISC_V_i/microblaze_riscv_0/U0/riscv_core_I/Base.Core/Decode_I/PreFetch_Buffer_I/INSTR_BUFFER_I1/cur_data_i_reg[14]/C (clocked by clk_out1_RISC_V_clk_wiz_1_0_1) and u_cpu/RISC_V_i/microblaze_riscv_0/U0/riscv_core_I/Base.Core/Decode_I/EX_Gen_Bits[3].EX_Instr_Reg_FF/Using_FPGA.Native/CE (clocked by clk_out1_RISC_V_clk_wiz_1_0). Large setup violations at the end of those stages might be difficult to fix during the post-placement implementation flow and could be the result of non-optimal XDC constraints or non-optimal design architecture
Related violations: <none>

TIMING-16#29 Warning
Large setup violation  
There is a large setup violation of -1.636 ns between u_cpu/RISC_V_i/microblaze_riscv_0/U0/riscv_core_I/Base.Core/Decode_I/PreFetch_Buffer_I/INSTR_BUFFER_I1/cur_data_i_reg[14]/C (clocked by clk_out1_RISC_V_clk_wiz_1_0_1) and u_cpu/RISC_V_i/microblaze_riscv_0/U0/riscv_core_I/Base.Core/Decode_I/EX_Gen_Bits[10].EX_Instr_Reg_FF/Using_FPGA.Native/CE (clocked by clk_out1_RISC_V_clk_wiz_1_0). Large setup violations at the end of those stages might be difficult to fix during the post-placement implementation flow and could be the result of non-optimal XDC constraints or non-optimal design architecture
Related violations: <none>

TIMING-16#30 Warning
Large setup violation  
There is a large setup violation of -1.636 ns between u_cpu/RISC_V_i/microblaze_riscv_0/U0/riscv_core_I/Base.Core/Decode_I/PreFetch_Buffer_I/INSTR_BUFFER_I1/cur_data_i_reg[14]/C (clocked by clk_out1_RISC_V_clk_wiz_1_0_1) and u_cpu/RISC_V_i/microblaze_riscv_0/U0/riscv_core_I/Base.Core/Decode_I/EX_Gen_Bits[11].EX_Instr_Reg_FF/Using_FPGA.Native/CE (clocked by clk_out1_RISC_V_clk_wiz_1_0). Large setup violations at the end of those stages might be difficult to fix during the post-placement implementation flow and could be the result of non-optimal XDC constraints or non-optimal design architecture
Related violations: <none>

TIMING-16#31 Warning
Large setup violation  
There is a large setup violation of -1.636 ns between u_cpu/RISC_V_i/microblaze_riscv_0/U0/riscv_core_I/Base.Core/Decode_I/PreFetch_Buffer_I/INSTR_BUFFER_I1/cur_data_i_reg[14]/C (clocked by clk_out1_RISC_V_clk_wiz_1_0_1) and u_cpu/RISC_V_i/microblaze_riscv_0/U0/riscv_core_I/Base.Core/Decode_I/EX_Gen_Bits[5].EX_Instr_Reg_FF/Using_FPGA.Native/CE (clocked by clk_out1_RISC_V_clk_wiz_1_0). Large setup violations at the end of those stages might be difficult to fix during the post-placement implementation flow and could be the result of non-optimal XDC constraints or non-optimal design architecture
Related violations: <none>

TIMING-16#32 Warning
Large setup violation  
There is a large setup violation of -1.636 ns between u_cpu/RISC_V_i/microblaze_riscv_0/U0/riscv_core_I/Base.Core/Decode_I/PreFetch_Buffer_I/INSTR_BUFFER_I1/cur_data_i_reg[14]/C (clocked by clk_out1_RISC_V_clk_wiz_1_0_1) and u_cpu/RISC_V_i/microblaze_riscv_0/U0/riscv_core_I/Base.Core/Decode_I/EX_Gen_Bits[6].EX_Instr_Reg_FF/Using_FPGA.Native/CE (clocked by clk_out1_RISC_V_clk_wiz_1_0). Large setup violations at the end of those stages might be difficult to fix during the post-placement implementation flow and could be the result of non-optimal XDC constraints or non-optimal design architecture
Related violations: <none>

TIMING-16#33 Warning
Large setup violation  
There is a large setup violation of -1.636 ns between u_cpu/RISC_V_i/microblaze_riscv_0/U0/riscv_core_I/Base.Core/Decode_I/PreFetch_Buffer_I/INSTR_BUFFER_I1/cur_data_i_reg[14]/C (clocked by clk_out1_RISC_V_clk_wiz_1_0_1) and u_cpu/RISC_V_i/microblaze_riscv_0/U0/riscv_core_I/Base.Core/Decode_I/EX_Gen_Bits[7].EX_Instr_Reg_FF/Using_FPGA.Native/CE (clocked by clk_out1_RISC_V_clk_wiz_1_0). Large setup violations at the end of those stages might be difficult to fix during the post-placement implementation flow and could be the result of non-optimal XDC constraints or non-optimal design architecture
Related violations: <none>

TIMING-16#34 Warning
Large setup violation  
There is a large setup violation of -1.636 ns between u_cpu/RISC_V_i/microblaze_riscv_0/U0/riscv_core_I/Base.Core/Decode_I/PreFetch_Buffer_I/INSTR_BUFFER_I1/cur_data_i_reg[14]/C (clocked by clk_out1_RISC_V_clk_wiz_1_0_1) and u_cpu/RISC_V_i/microblaze_riscv_0/U0/riscv_core_I/Base.Core/Decode_I/EX_Gen_Bits[9].EX_Instr_Reg_FF/Using_FPGA.Native/CE (clocked by clk_out1_RISC_V_clk_wiz_1_0). Large setup violations at the end of those stages might be difficult to fix during the post-placement implementation flow and could be the result of non-optimal XDC constraints or non-optimal design architecture
Related violations: <none>

TIMING-16#35 Warning
Large setup violation  
There is a large setup violation of -1.771 ns between u_cpu/RISC_V_i/microblaze_riscv_0/U0/riscv_core_I/Base.Core/Decode_I/PreFetch_Buffer_I/INSTR_BUFFER_I1/cur_data_i_reg[14]/C (clocked by clk_out1_RISC_V_clk_wiz_1_0_1) and u_cpu/RISC_V_i/microblaze_riscv_0/U0/riscv_core_I/Base.Core/Data_Flow_I/Operand_Select_I/EX_Branch_Base_reg[22]/CE (clocked by clk_out1_RISC_V_clk_wiz_1_0). Large setup violations at the end of those stages might be difficult to fix during the post-placement implementation flow and could be the result of non-optimal XDC constraints or non-optimal design architecture
Related violations: <none>

TIMING-16#36 Warning
Large setup violation  
There is a large setup violation of -1.771 ns between u_cpu/RISC_V_i/microblaze_riscv_0/U0/riscv_core_I/Base.Core/Decode_I/PreFetch_Buffer_I/INSTR_BUFFER_I1/cur_data_i_reg[14]/C (clocked by clk_out1_RISC_V_clk_wiz_1_0_1) and u_cpu/RISC_V_i/microblaze_riscv_0/U0/riscv_core_I/Base.Core/Data_Flow_I/Operand_Select_I/EX_Branch_Base_reg[26]/CE (clocked by clk_out1_RISC_V_clk_wiz_1_0). Large setup violations at the end of those stages might be difficult to fix during the post-placement implementation flow and could be the result of non-optimal XDC constraints or non-optimal design architecture
Related violations: <none>

TIMING-16#37 Warning
Large setup violation  
There is a large setup violation of -1.771 ns between u_cpu/RISC_V_i/microblaze_riscv_0/U0/riscv_core_I/Base.Core/Decode_I/PreFetch_Buffer_I/INSTR_BUFFER_I1/cur_data_i_reg[14]/C (clocked by clk_out1_RISC_V_clk_wiz_1_0_1) and u_cpu/RISC_V_i/microblaze_riscv_0/U0/riscv_core_I/Base.Core/Data_Flow_I/Operand_Select_I/EX_Branch_Base_reg[27]/CE (clocked by clk_out1_RISC_V_clk_wiz_1_0). Large setup violations at the end of those stages might be difficult to fix during the post-placement implementation flow and could be the result of non-optimal XDC constraints or non-optimal design architecture
Related violations: <none>

TIMING-16#38 Warning
Large setup violation  
There is a large setup violation of -1.771 ns between u_cpu/RISC_V_i/microblaze_riscv_0/U0/riscv_core_I/Base.Core/Decode_I/PreFetch_Buffer_I/INSTR_BUFFER_I1/cur_data_i_reg[14]/C (clocked by clk_out1_RISC_V_clk_wiz_1_0_1) and u_cpu/RISC_V_i/microblaze_riscv_0/U0/riscv_core_I/Base.Core/Decode_I/PC_Module_I/ex_pc_i_reg[19]/CE (clocked by clk_out1_RISC_V_clk_wiz_1_0). Large setup violations at the end of those stages might be difficult to fix during the post-placement implementation flow and could be the result of non-optimal XDC constraints or non-optimal design architecture
Related violations: <none>

TIMING-16#39 Warning
Large setup violation  
There is a large setup violation of -1.771 ns between u_cpu/RISC_V_i/microblaze_riscv_0/U0/riscv_core_I/Base.Core/Decode_I/PreFetch_Buffer_I/INSTR_BUFFER_I1/cur_data_i_reg[14]/C (clocked by clk_out1_RISC_V_clk_wiz_1_0_1) and u_cpu/RISC_V_i/microblaze_riscv_0/U0/riscv_core_I/Base.Core/Decode_I/PC_Module_I/ex_pc_i_reg[29]/CE (clocked by clk_out1_RISC_V_clk_wiz_1_0). Large setup violations at the end of those stages might be difficult to fix during the post-placement implementation flow and could be the result of non-optimal XDC constraints or non-optimal design architecture
Related violations: <none>

TIMING-16#40 Warning
Large setup violation  
There is a large setup violation of -1.771 ns between u_cpu/RISC_V_i/microblaze_riscv_0/U0/riscv_core_I/Base.Core/Decode_I/PreFetch_Buffer_I/INSTR_BUFFER_I1/cur_data_i_reg[14]/C (clocked by clk_out1_RISC_V_clk_wiz_1_0_1) and u_cpu/RISC_V_i/microblaze_riscv_0/U0/riscv_core_I/Base.Core/Decode_I/PC_Module_I/ex_pc_i_reg[30]/CE (clocked by clk_out1_RISC_V_clk_wiz_1_0). Large setup violations at the end of those stages might be difficult to fix during the post-placement implementation flow and could be the result of non-optimal XDC constraints or non-optimal design architecture
Related violations: <none>

TIMING-16#41 Warning
Large setup violation  
There is a large setup violation of -1.771 ns between u_cpu/RISC_V_i/microblaze_riscv_0/U0/riscv_core_I/Base.Core/Decode_I/PreFetch_Buffer_I/INSTR_BUFFER_I1/cur_data_i_reg[14]/C (clocked by clk_out1_RISC_V_clk_wiz_1_0_1) and u_cpu/RISC_V_i/microblaze_riscv_0/U0/riscv_core_I/Base.Core/Decode_I/PC_Module_I/ex_pc_i_reg[31]/CE (clocked by clk_out1_RISC_V_clk_wiz_1_0). Large setup violations at the end of those stages might be difficult to fix during the post-placement implementation flow and could be the result of non-optimal XDC constraints or non-optimal design architecture
Related violations: <none>

TIMING-16#42 Warning
Large setup violation  
There is a large setup violation of -1.792 ns between u_cpu/RISC_V_i/microblaze_riscv_0/U0/riscv_core_I/Base.Core/Decode_I/PreFetch_Buffer_I/INSTR_BUFFER_I1/cur_data_i_reg[14]/C (clocked by clk_out1_RISC_V_clk_wiz_1_0_1) and u_cpu/RISC_V_i/microblaze_riscv_0/U0/riscv_core_I/Base.Core/Decode_I/PC_Module_I/ex_pc_i_reg[22]/CE (clocked by clk_out1_RISC_V_clk_wiz_1_0). Large setup violations at the end of those stages might be difficult to fix during the post-placement implementation flow and could be the result of non-optimal XDC constraints or non-optimal design architecture
Related violations: <none>

TIMING-16#43 Warning
Large setup violation  
There is a large setup violation of -1.792 ns between u_cpu/RISC_V_i/microblaze_riscv_0/U0/riscv_core_I/Base.Core/Decode_I/PreFetch_Buffer_I/INSTR_BUFFER_I1/cur_data_i_reg[14]/C (clocked by clk_out1_RISC_V_clk_wiz_1_0_1) and u_cpu/RISC_V_i/microblaze_riscv_0/U0/riscv_core_I/Base.Core/Decode_I/PC_Module_I/ex_pc_i_reg[26]/CE (clocked by clk_out1_RISC_V_clk_wiz_1_0). Large setup violations at the end of those stages might be difficult to fix during the post-placement implementation flow and could be the result of non-optimal XDC constraints or non-optimal design architecture
Related violations: <none>

TIMING-16#44 Warning
Large setup violation  
There is a large setup violation of -1.792 ns between u_cpu/RISC_V_i/microblaze_riscv_0/U0/riscv_core_I/Base.Core/Decode_I/PreFetch_Buffer_I/INSTR_BUFFER_I1/cur_data_i_reg[14]/C (clocked by clk_out1_RISC_V_clk_wiz_1_0_1) and u_cpu/RISC_V_i/microblaze_riscv_0/U0/riscv_core_I/Base.Core/Decode_I/PC_Module_I/ex_pc_i_reg[27]/CE (clocked by clk_out1_RISC_V_clk_wiz_1_0). Large setup violations at the end of those stages might be difficult to fix during the post-placement implementation flow and could be the result of non-optimal XDC constraints or non-optimal design architecture
Related violations: <none>

TIMING-16#45 Warning
Large setup violation  
There is a large setup violation of -1.792 ns between u_cpu/RISC_V_i/microblaze_riscv_0/U0/riscv_core_I/Base.Core/Decode_I/PreFetch_Buffer_I/INSTR_BUFFER_I1/cur_data_i_reg[14]/C (clocked by clk_out1_RISC_V_clk_wiz_1_0_1) and u_cpu/RISC_V_i/microblaze_riscv_0/U0/riscv_core_I/Base.Core/Decode_I/PC_Module_I/ex_pc_i_reg[28]/CE (clocked by clk_out1_RISC_V_clk_wiz_1_0). Large setup violations at the end of those stages might be difficult to fix during the post-placement implementation flow and could be the result of non-optimal XDC constraints or non-optimal design architecture
Related violations: <none>

TIMING-16#46 Warning
Large setup violation  
There is a large setup violation of -1.885 ns between u_cpu/RISC_V_i/microblaze_riscv_0/U0/riscv_core_I/Base.Core/Decode_I/PreFetch_Buffer_I/INSTR_BUFFER_I1/cur_data_i_reg[14]/C (clocked by clk_out1_RISC_V_clk_wiz_1_0_1) and u_cpu/RISC_V_i/microblaze_riscv_0/U0/riscv_core_I/Base.Core/Use_Debug_Logic.Master_Core.Debug_Perf/Performance_Debug_Control.ex_ebreak_reg/D (clocked by clk_out1_RISC_V_clk_wiz_1_0). Large setup violations at the end of those stages might be difficult to fix during the post-placement implementation flow and could be the result of non-optimal XDC constraints or non-optimal design architecture
Related violations: <none>

TIMING-16#47 Warning
Large setup violation  
There is a large setup violation of -1.886 ns between u_cpu/RISC_V_i/microblaze_riscv_0/U0/riscv_core_I/Base.Core/Decode_I/PreFetch_Buffer_I/INSTR_BUFFER_I1/cur_data_i_reg[14]/C (clocked by clk_out1_RISC_V_clk_wiz_1_0_1) and u_cpu/RISC_V_i/microblaze_riscv_0/U0/riscv_core_I/Base.Core/Data_Flow_I/Operand_Select_I/EX_Op1_reg[9]/CE (clocked by clk_out1_RISC_V_clk_wiz_1_0). Large setup violations at the end of those stages might be difficult to fix during the post-placement implementation flow and could be the result of non-optimal XDC constraints or non-optimal design architecture
Related violations: <none>

TIMING-16#48 Warning
Large setup violation  
There is a large setup violation of -1.886 ns between u_cpu/RISC_V_i/microblaze_riscv_0/U0/riscv_core_I/Base.Core/Decode_I/PreFetch_Buffer_I/INSTR_BUFFER_I1/cur_data_i_reg[14]/C (clocked by clk_out1_RISC_V_clk_wiz_1_0_1) and u_cpu/RISC_V_i/microblaze_riscv_0/U0/riscv_core_I/Base.Core/Data_Flow_I/Operand_Select_I/EX_Op2_reg[8]/CE (clocked by clk_out1_RISC_V_clk_wiz_1_0). Large setup violations at the end of those stages might be difficult to fix during the post-placement implementation flow and could be the result of non-optimal XDC constraints or non-optimal design architecture
Related violations: <none>

TIMING-16#49 Warning
Large setup violation  
There is a large setup violation of -1.886 ns between u_cpu/RISC_V_i/microblaze_riscv_0/U0/riscv_core_I/Base.Core/Decode_I/PreFetch_Buffer_I/INSTR_BUFFER_I1/cur_data_i_reg[14]/C (clocked by clk_out1_RISC_V_clk_wiz_1_0_1) and u_cpu/RISC_V_i/microblaze_riscv_0/U0/riscv_core_I/Base.Core/Data_Flow_I/Operand_Select_I/EX_Op2_reg[9]/CE (clocked by clk_out1_RISC_V_clk_wiz_1_0). Large setup violations at the end of those stages might be difficult to fix during the post-placement implementation flow and could be the result of non-optimal XDC constraints or non-optimal design architecture
Related violations: <none>

TIMING-16#50 Warning
Large setup violation  
There is a large setup violation of -1.921 ns between u_cpu/RISC_V_i/microblaze_riscv_0/U0/riscv_core_I/Base.Core/Decode_I/PreFetch_Buffer_I/INSTR_BUFFER_I1/cur_data_i_reg[14]/C (clocked by clk_out1_RISC_V_clk_wiz_1_0_1) and u_cpu/RISC_V_i/microblaze_riscv_0/U0/riscv_core_I/Base.Core/Data_Flow_I/Operand_Select_I/EX_Branch_Base_reg[24]/CE (clocked by clk_out1_RISC_V_clk_wiz_1_0). Large setup violations at the end of those stages might be difficult to fix during the post-placement implementation flow and could be the result of non-optimal XDC constraints or non-optimal design architecture
Related violations: <none>

TIMING-16#51 Warning
Large setup violation  
There is a large setup violation of -1.921 ns between u_cpu/RISC_V_i/microblaze_riscv_0/U0/riscv_core_I/Base.Core/Decode_I/PreFetch_Buffer_I/INSTR_BUFFER_I1/cur_data_i_reg[14]/C (clocked by clk_out1_RISC_V_clk_wiz_1_0_1) and u_cpu/RISC_V_i/microblaze_riscv_0/U0/riscv_core_I/Base.Core/Data_Flow_I/Operand_Select_I/EX_Branch_Base_reg[25]/CE (clocked by clk_out1_RISC_V_clk_wiz_1_0). Large setup violations at the end of those stages might be difficult to fix during the post-placement implementation flow and could be the result of non-optimal XDC constraints or non-optimal design architecture
Related violations: <none>

TIMING-16#52 Warning
Large setup violation  
There is a large setup violation of -1.921 ns between u_cpu/RISC_V_i/microblaze_riscv_0/U0/riscv_core_I/Base.Core/Decode_I/PreFetch_Buffer_I/INSTR_BUFFER_I1/cur_data_i_reg[14]/C (clocked by clk_out1_RISC_V_clk_wiz_1_0_1) and u_cpu/RISC_V_i/microblaze_riscv_0/U0/riscv_core_I/Base.Core/Data_Flow_I/Operand_Select_I/EX_Branch_Base_reg[28]/CE (clocked by clk_out1_RISC_V_clk_wiz_1_0). Large setup violations at the end of those stages might be difficult to fix during the post-placement implementation flow and could be the result of non-optimal XDC constraints or non-optimal design architecture
Related violations: <none>

TIMING-16#53 Warning
Large setup violation  
There is a large setup violation of -2.039 ns between u_cpu/RISC_V_i/microblaze_riscv_0/U0/riscv_core_I/Base.Core/Decode_I/PreFetch_Buffer_I/INSTR_BUFFER_I1/cur_data_i_reg[14]/C (clocked by clk_out1_RISC_V_clk_wiz_1_0_1) and u_cpu/RISC_V_i/microblaze_riscv_0/U0/riscv_core_I/Base.Core/Use_Debug_Logic.Master_Core.Debug_Perf/Performance_Debug_Control.ex_dbg_pc_hit_single_step_reg/D (clocked by clk_out1_RISC_V_clk_wiz_1_0). Large setup violations at the end of those stages might be difficult to fix during the post-placement implementation flow and could be the result of non-optimal XDC constraints or non-optimal design architecture
Related violations: <none>

TIMING-16#54 Warning
Large setup violation  
There is a large setup violation of -2.043 ns between u_cpu/RISC_V_i/microblaze_riscv_0/U0/riscv_core_I/Base.Core/Decode_I/PreFetch_Buffer_I/INSTR_BUFFER_I1/cur_data_i_reg[14]/C (clocked by clk_out1_RISC_V_clk_wiz_1_0_1) and u_cpu/RISC_V_i/microblaze_riscv_0/U0/riscv_core_I/Base.Core/Data_Flow_I/Operand_Select_I/EX_Branch_Base_reg[21]/CE (clocked by clk_out1_RISC_V_clk_wiz_1_0). Large setup violations at the end of those stages might be difficult to fix during the post-placement implementation flow and could be the result of non-optimal XDC constraints or non-optimal design architecture
Related violations: <none>

TIMING-16#55 Warning
Large setup violation  
There is a large setup violation of -2.043 ns between u_cpu/RISC_V_i/microblaze_riscv_0/U0/riscv_core_I/Base.Core/Decode_I/PreFetch_Buffer_I/INSTR_BUFFER_I1/cur_data_i_reg[14]/C (clocked by clk_out1_RISC_V_clk_wiz_1_0_1) and u_cpu/RISC_V_i/microblaze_riscv_0/U0/riscv_core_I/Base.Core/Decode_I/PC_Module_I/ex_pc_i_reg[21]/CE (clocked by clk_out1_RISC_V_clk_wiz_1_0). Large setup violations at the end of those stages might be difficult to fix during the post-placement implementation flow and could be the result of non-optimal XDC constraints or non-optimal design architecture
Related violations: <none>

TIMING-16#56 Warning
Large setup violation  
There is a large setup violation of -2.043 ns between u_cpu/RISC_V_i/microblaze_riscv_0/U0/riscv_core_I/Base.Core/Decode_I/PreFetch_Buffer_I/INSTR_BUFFER_I1/cur_data_i_reg[14]/C (clocked by clk_out1_RISC_V_clk_wiz_1_0_1) and u_cpu/RISC_V_i/microblaze_riscv_0/U0/riscv_core_I/Base.Core/Decode_I/PC_Module_I/ex_pc_i_reg[23]/CE (clocked by clk_out1_RISC_V_clk_wiz_1_0). Large setup violations at the end of those stages might be difficult to fix during the post-placement implementation flow and could be the result of non-optimal XDC constraints or non-optimal design architecture
Related violations: <none>

TIMING-16#57 Warning
Large setup violation  
There is a large setup violation of -2.043 ns between u_cpu/RISC_V_i/microblaze_riscv_0/U0/riscv_core_I/Base.Core/Decode_I/PreFetch_Buffer_I/INSTR_BUFFER_I1/cur_data_i_reg[14]/C (clocked by clk_out1_RISC_V_clk_wiz_1_0_1) and u_cpu/RISC_V_i/microblaze_riscv_0/U0/riscv_core_I/Base.Core/Decode_I/PC_Module_I/ex_pc_i_reg[24]/CE (clocked by clk_out1_RISC_V_clk_wiz_1_0). Large setup violations at the end of those stages might be difficult to fix during the post-placement implementation flow and could be the result of non-optimal XDC constraints or non-optimal design architecture
Related violations: <none>

TIMING-16#58 Warning
Large setup violation  
There is a large setup violation of -2.043 ns between u_cpu/RISC_V_i/microblaze_riscv_0/U0/riscv_core_I/Base.Core/Decode_I/PreFetch_Buffer_I/INSTR_BUFFER_I1/cur_data_i_reg[14]/C (clocked by clk_out1_RISC_V_clk_wiz_1_0_1) and u_cpu/RISC_V_i/microblaze_riscv_0/U0/riscv_core_I/Base.Core/Decode_I/PC_Module_I/ex_pc_i_reg[25]/CE (clocked by clk_out1_RISC_V_clk_wiz_1_0). Large setup violations at the end of those stages might be difficult to fix during the post-placement implementation flow and could be the result of non-optimal XDC constraints or non-optimal design architecture
Related violations: <none>

TIMING-16#59 Warning
Large setup violation  
There is a large setup violation of -2.043 ns between u_cpu/RISC_V_i/microblaze_riscv_0/U0/riscv_core_I/Base.Core/Decode_I/PreFetch_Buffer_I/INSTR_BUFFER_I1/cur_data_i_reg[14]/C (clocked by clk_out1_RISC_V_clk_wiz_1_0_1) and u_cpu/RISC_V_i/microblaze_riscv_0/U0/riscv_core_I/Base.Core/Use_Debug_Logic.Master_Core.Debug_Perf/start_single_step_reg/D (clocked by clk_out1_RISC_V_clk_wiz_1_0). Large setup violations at the end of those stages might be difficult to fix during the post-placement implementation flow and could be the result of non-optimal XDC constraints or non-optimal design architecture
Related violations: <none>

TIMING-16#60 Warning
Large setup violation  
There is a large setup violation of -2.072 ns between u_cpu/RISC_V_i/microblaze_riscv_0/U0/riscv_core_I/Base.Core/Decode_I/PreFetch_Buffer_I/INSTR_BUFFER_I1/cur_data_i_reg[14]/C (clocked by clk_out1_RISC_V_clk_wiz_1_0_1) and u_cpu/RISC_V_i/microblaze_riscv_0/U0/riscv_core_I/Base.Core/Data_Flow_I/Operand_Select_I/EX_Branch_Base_reg[23]/CE (clocked by clk_out1_RISC_V_clk_wiz_1_0). Large setup violations at the end of those stages might be difficult to fix during the post-placement implementation flow and could be the result of non-optimal XDC constraints or non-optimal design architecture
Related violations: <none>

TIMING-16#61 Warning
Large setup violation  
There is a large setup violation of -2.072 ns between u_cpu/RISC_V_i/microblaze_riscv_0/U0/riscv_core_I/Base.Core/Decode_I/PreFetch_Buffer_I/INSTR_BUFFER_I1/cur_data_i_reg[14]/C (clocked by clk_out1_RISC_V_clk_wiz_1_0_1) and u_cpu/RISC_V_i/microblaze_riscv_0/U0/riscv_core_I/Base.Core/Data_Flow_I/Operand_Select_I/EX_Branch_Base_reg[29]/CE (clocked by clk_out1_RISC_V_clk_wiz_1_0). Large setup violations at the end of those stages might be difficult to fix during the post-placement implementation flow and could be the result of non-optimal XDC constraints or non-optimal design architecture
Related violations: <none>

TIMING-16#62 Warning
Large setup violation  
There is a large setup violation of -2.072 ns between u_cpu/RISC_V_i/microblaze_riscv_0/U0/riscv_core_I/Base.Core/Decode_I/PreFetch_Buffer_I/INSTR_BUFFER_I1/cur_data_i_reg[14]/C (clocked by clk_out1_RISC_V_clk_wiz_1_0_1) and u_cpu/RISC_V_i/microblaze_riscv_0/U0/riscv_core_I/Base.Core/Decode_I/PC_Module_I/ex_pc_i_reg[18]/CE (clocked by clk_out1_RISC_V_clk_wiz_1_0). Large setup violations at the end of those stages might be difficult to fix during the post-placement implementation flow and could be the result of non-optimal XDC constraints or non-optimal design architecture
Related violations: <none>

TIMING-16#63 Warning
Large setup violation  
There is a large setup violation of -2.114 ns between u_cpu/RISC_V_i/microblaze_riscv_0/U0/riscv_core_I/Base.Core/Decode_I/PreFetch_Buffer_I/INSTR_BUFFER_I1/cur_data_i_reg[14]/C (clocked by clk_out1_RISC_V_clk_wiz_1_0_1) and u_cpu/RISC_V_i/microblaze_riscv_0/U0/riscv_core_I/Base.Core/Data_Flow_I/Operand_Select_I/EX_Branch_Base_reg[18]/CE (clocked by clk_out1_RISC_V_clk_wiz_1_0). Large setup violations at the end of those stages might be difficult to fix during the post-placement implementation flow and could be the result of non-optimal XDC constraints or non-optimal design architecture
Related violations: <none>

TIMING-16#64 Warning
Large setup violation  
There is a large setup violation of -2.114 ns between u_cpu/RISC_V_i/microblaze_riscv_0/U0/riscv_core_I/Base.Core/Decode_I/PreFetch_Buffer_I/INSTR_BUFFER_I1/cur_data_i_reg[14]/C (clocked by clk_out1_RISC_V_clk_wiz_1_0_1) and u_cpu/RISC_V_i/microblaze_riscv_0/U0/riscv_core_I/Base.Core/Data_Flow_I/Operand_Select_I/EX_Branch_Base_reg[19]/CE (clocked by clk_out1_RISC_V_clk_wiz_1_0). Large setup violations at the end of those stages might be difficult to fix during the post-placement implementation flow and could be the result of non-optimal XDC constraints or non-optimal design architecture
Related violations: <none>

TIMING-16#65 Warning
Large setup violation  
There is a large setup violation of -2.216 ns between u_cpu/RISC_V_i/microblaze_riscv_0/U0/riscv_core_I/Base.Core/Decode_I/PreFetch_Buffer_I/INSTR_BUFFER_I1/cur_data_i_reg[14]/C (clocked by clk_out1_RISC_V_clk_wiz_1_0_1) and u_cpu/RISC_V_i/microblaze_riscv_0/U0/riscv_core_I/Base.Core/Decode_I/EX_Arith_Shift_reg/CE (clocked by clk_out1_RISC_V_clk_wiz_1_0). Large setup violations at the end of those stages might be difficult to fix during the post-placement implementation flow and could be the result of non-optimal XDC constraints or non-optimal design architecture
Related violations: <none>

TIMING-16#66 Warning
Large setup violation  
There is a large setup violation of -2.607 ns between u_cpu/RISC_V_i/microblaze_riscv_0/U0/riscv_core_I/Base.Core/Decode_I/PreFetch_Buffer_I/INSTR_BUFFER_I1/cur_data_i_reg[14]/C (clocked by clk_out1_RISC_V_clk_wiz_1_0_1) and u_cpu/RISC_V_i/microblaze_riscv_0/U0/riscv_core_I/Base.Core/Use_Debug_Logic.Master_Core.Debug_Perf/Performance_Debug_Control.ex_dbg_pc_hit_i_reg/D (clocked by clk_out1_RISC_V_clk_wiz_1_0). Large setup violations at the end of those stages might be difficult to fix during the post-placement implementation flow and could be the result of non-optimal XDC constraints or non-optimal design architecture
Related violations: <none>

TIMING-16#67 Warning
Large setup violation  
There is a large setup violation of -3.112 ns between u_cpu/RISC_V_i/microblaze_riscv_0/U0/riscv_core_I/Base.Core/Decode_I/PreFetch_Buffer_I/INSTR_BUFFER_I1/cur_data_i_reg[14]/C (clocked by clk_out1_RISC_V_clk_wiz_1_0_1) and u_cpu/RISC_V_i/microblaze_riscv_0/U0/riscv_core_I/Base.Core/Use_Debug_Logic.Master_Core.Debug_Perf/Performance_Debug_Control.ex_trigger_hit_reg/D (clocked by clk_out1_RISC_V_clk_wiz_1_0). Large setup violations at the end of those stages might be difficult to fix during the post-placement implementation flow and could be the result of non-optimal XDC constraints or non-optimal design architecture
Related violations: <none>

TIMING-18#1 Warning
Missing input or output delay  
An input delay is missing on CPU_RESETN relative to the rising and/or falling clock edge(s) of CLK100MHZ, sys_clk_pin.
Related violations: <none>

TIMING-18#2 Warning
Missing input or output delay  
An input delay is missing on SW[0] relative to the rising and/or falling clock edge(s) of CLK100MHZ, sys_clk_pin.
Related violations: <none>

TIMING-18#3 Warning
Missing input or output delay  
An input delay is missing on SW[10] relative to the rising and/or falling clock edge(s) of CLK100MHZ, sys_clk_pin.
Related violations: <none>

TIMING-18#4 Warning
Missing input or output delay  
An input delay is missing on SW[11] relative to the rising and/or falling clock edge(s) of CLK100MHZ, sys_clk_pin.
Related violations: <none>

TIMING-18#5 Warning
Missing input or output delay  
An input delay is missing on SW[12] relative to the rising and/or falling clock edge(s) of CLK100MHZ, sys_clk_pin.
Related violations: <none>

TIMING-18#6 Warning
Missing input or output delay  
An input delay is missing on SW[13] relative to the rising and/or falling clock edge(s) of CLK100MHZ, sys_clk_pin.
Related violations: <none>

TIMING-18#7 Warning
Missing input or output delay  
An input delay is missing on SW[14] relative to the rising and/or falling clock edge(s) of CLK100MHZ, sys_clk_pin.
Related violations: <none>

TIMING-18#8 Warning
Missing input or output delay  
An input delay is missing on SW[15] relative to the rising and/or falling clock edge(s) of CLK100MHZ, sys_clk_pin.
Related violations: <none>

TIMING-18#9 Warning
Missing input or output delay  
An input delay is missing on SW[1] relative to the rising and/or falling clock edge(s) of CLK100MHZ, sys_clk_pin.
Related violations: <none>

TIMING-18#10 Warning
Missing input or output delay  
An input delay is missing on SW[2] relative to the rising and/or falling clock edge(s) of CLK100MHZ, sys_clk_pin.
Related violations: <none>

TIMING-18#11 Warning
Missing input or output delay  
An input delay is missing on SW[3] relative to the rising and/or falling clock edge(s) of CLK100MHZ, sys_clk_pin.
Related violations: <none>

TIMING-18#12 Warning
Missing input or output delay  
An input delay is missing on SW[4] relative to the rising and/or falling clock edge(s) of CLK100MHZ, sys_clk_pin.
Related violations: <none>

TIMING-18#13 Warning
Missing input or output delay  
An input delay is missing on SW[5] relative to the rising and/or falling clock edge(s) of CLK100MHZ, sys_clk_pin.
Related violations: <none>

TIMING-18#14 Warning
Missing input or output delay  
An input delay is missing on SW[6] relative to the rising and/or falling clock edge(s) of CLK100MHZ, sys_clk_pin.
Related violations: <none>

TIMING-18#15 Warning
Missing input or output delay  
An input delay is missing on SW[7] relative to the rising and/or falling clock edge(s) of CLK100MHZ, sys_clk_pin.
Related violations: <none>

TIMING-18#16 Warning
Missing input or output delay  
An input delay is missing on SW[8] relative to the rising and/or falling clock edge(s) of CLK100MHZ, sys_clk_pin.
Related violations: <none>

TIMING-18#17 Warning
Missing input or output delay  
An input delay is missing on SW[9] relative to the rising and/or falling clock edge(s) of CLK100MHZ, sys_clk_pin.
Related violations: <none>

TIMING-18#18 Warning
Missing input or output delay  
An input delay is missing on UART_RX_OUT relative to the rising and/or falling clock edge(s) of CLK100MHZ, sys_clk_pin.
Related violations: <none>

TIMING-18#19 Warning
Missing input or output delay  
An output delay is missing on LED[0] relative to the rising and/or falling clock edge(s) of CLK100MHZ, sys_clk_pin.
Related violations: <none>

TIMING-18#20 Warning
Missing input or output delay  
An output delay is missing on LED[10] relative to the rising and/or falling clock edge(s) of CLK100MHZ, sys_clk_pin.
Related violations: <none>

TIMING-18#21 Warning
Missing input or output delay  
An output delay is missing on LED[11] relative to the rising and/or falling clock edge(s) of CLK100MHZ, sys_clk_pin.
Related violations: <none>

TIMING-18#22 Warning
Missing input or output delay  
An output delay is missing on LED[12] relative to the rising and/or falling clock edge(s) of CLK100MHZ, sys_clk_pin.
Related violations: <none>

TIMING-18#23 Warning
Missing input or output delay  
An output delay is missing on LED[13] relative to the rising and/or falling clock edge(s) of CLK100MHZ, sys_clk_pin.
Related violations: <none>

TIMING-18#24 Warning
Missing input or output delay  
An output delay is missing on LED[14] relative to the rising and/or falling clock edge(s) of CLK100MHZ, sys_clk_pin.
Related violations: <none>

TIMING-18#25 Warning
Missing input or output delay  
An output delay is missing on LED[15] relative to the rising and/or falling clock edge(s) of CLK100MHZ, sys_clk_pin.
Related violations: <none>

TIMING-18#26 Warning
Missing input or output delay  
An output delay is missing on LED[1] relative to the rising and/or falling clock edge(s) of CLK100MHZ, sys_clk_pin.
Related violations: <none>

TIMING-18#27 Warning
Missing input or output delay  
An output delay is missing on LED[2] relative to the rising and/or falling clock edge(s) of CLK100MHZ, sys_clk_pin.
Related violations: <none>

TIMING-18#28 Warning
Missing input or output delay  
An output delay is missing on LED[3] relative to the rising and/or falling clock edge(s) of CLK100MHZ, sys_clk_pin.
Related violations: <none>

TIMING-18#29 Warning
Missing input or output delay  
An output delay is missing on LED[4] relative to the rising and/or falling clock edge(s) of CLK100MHZ, sys_clk_pin.
Related violations: <none>

TIMING-18#30 Warning
Missing input or output delay  
An output delay is missing on LED[5] relative to the rising and/or falling clock edge(s) of CLK100MHZ, sys_clk_pin.
Related violations: <none>

TIMING-18#31 Warning
Missing input or output delay  
An output delay is missing on LED[6] relative to the rising and/or falling clock edge(s) of CLK100MHZ, sys_clk_pin.
Related violations: <none>

TIMING-18#32 Warning
Missing input or output delay  
An output delay is missing on LED[7] relative to the rising and/or falling clock edge(s) of CLK100MHZ, sys_clk_pin.
Related violations: <none>

TIMING-18#33 Warning
Missing input or output delay  
An output delay is missing on LED[8] relative to the rising and/or falling clock edge(s) of CLK100MHZ, sys_clk_pin.
Related violations: <none>

TIMING-18#34 Warning
Missing input or output delay  
An output delay is missing on LED[9] relative to the rising and/or falling clock edge(s) of CLK100MHZ, sys_clk_pin.
Related violations: <none>

TIMING-18#35 Warning
Missing input or output delay  
An output delay is missing on UART_TX_IN relative to the rising and/or falling clock edge(s) of CLK100MHZ, sys_clk_pin.
Related violations: <none>

TIMING-18#36 Warning
Missing input or output delay  
An output delay is missing on m1_in1_0 relative to the rising and/or falling clock edge(s) of CLK100MHZ, sys_clk_pin.
Related violations: <none>

TIMING-18#37 Warning
Missing input or output delay  
An output delay is missing on m1_in2_0 relative to the rising and/or falling clock edge(s) of CLK100MHZ, sys_clk_pin.
Related violations: <none>

TIMING-18#38 Warning
Missing input or output delay  
An output delay is missing on m2_in1_0 relative to the rising and/or falling clock edge(s) of CLK100MHZ, sys_clk_pin.
Related violations: <none>

TIMING-18#39 Warning
Missing input or output delay  
An output delay is missing on m2_in2_0 relative to the rising and/or falling clock edge(s) of CLK100MHZ, sys_clk_pin.
Related violations: <none>

TIMING-18#40 Warning
Missing input or output delay  
An output delay is missing on m3_in1_0 relative to the rising and/or falling clock edge(s) of CLK100MHZ, sys_clk_pin.
Related violations: <none>

TIMING-18#41 Warning
Missing input or output delay  
An output delay is missing on m3_in2_0 relative to the rising and/or falling clock edge(s) of CLK100MHZ, sys_clk_pin.
Related violations: <none>

TIMING-18#42 Warning
Missing input or output delay  
An output delay is missing on m4_in1_0 relative to the rising and/or falling clock edge(s) of CLK100MHZ, sys_clk_pin.
Related violations: <none>

TIMING-18#43 Warning
Missing input or output delay  
An output delay is missing on m4_in2_0 relative to the rising and/or falling clock edge(s) of CLK100MHZ, sys_clk_pin.
Related violations: <none>

TIMING-56#1 Warning
Missing logically or physically excluded clock groups constraint  
Multiple clocks are user generated or auto-derived on the source pin u_cpu/RISC_V_i/clk_wiz_1/inst/mmcm_adv_inst/CLKFBOUT but are not logically or physically exclusive with respect to one another. To have the static timing analysis match the behavior in hardware, there cannot be multiple clocks generated on the same pin and when such situation occurs, the clocks should be defined as physically or logically exclusive. The list of clocks generated on the source pin is: clkfbout_RISC_V_clk_wiz_1_0, clkfbout_RISC_V_clk_wiz_1_0_1
Related violations: <none>

TIMING-56#2 Warning
Missing logically or physically excluded clock groups constraint  
Multiple clocks are user generated or auto-derived on the source pin u_cpu/RISC_V_i/clk_wiz_1/inst/mmcm_adv_inst/CLKOUT0 but are not logically or physically exclusive with respect to one another. To have the static timing analysis match the behavior in hardware, there cannot be multiple clocks generated on the same pin and when such situation occurs, the clocks should be defined as physically or logically exclusive. The list of clocks generated on the source pin is: clk_out1_RISC_V_clk_wiz_1_0, clk_out1_RISC_V_clk_wiz_1_0_1
Related violations: <none>


