Copyright 1986-2022 Xilinx, Inc. All Rights Reserved. Copyright 2022-2025 Advanced Micro Devices, Inc. All Rights Reserved.
-------------------------------------------------------------------------------------------------------------------------------------------------------
| Tool Version     : Vivado v.2025.1 (lin64) Build 6140274 Wed May 21 22:58:25 MDT 2025
| Date             : Tue Dec  9 10:17:44 2025
| Host             : mrt-fed-lap running 64-bit unknown
| Command          : report_power -file NexysA7_Top_power_routed.rpt -pb NexysA7_Top_power_summary_routed.pb -rpx NexysA7_Top_power_routed.rpx
| Design           : NexysA7_Top
| Device           : xc7a100tcsg324-1
| Design State     : routed
| Grade            : commercial
| Process          : typical
| Characterization : Production
-------------------------------------------------------------------------------------------------------------------------------------------------------

Power Report

Table of Contents
-----------------
1. Summary
1.1 On-Chip Components
1.2 Power Supply Summary
1.3 Confidence Level
2. Settings
2.1 Environment
2.2 Clock Constraints
3. Detailed Reports
3.1 By Hierarchy

1. Summary
----------

+--------------------------+--------------+
| Total On-Chip Power (W)  | 0.238        |
| Design Power Budget (W)  | Unspecified* |
| Power Budget Margin (W)  | NA           |
| Dynamic (W)              | 0.136        |
| Device Static (W)        | 0.103        |
| Effective TJA (C/W)      | 4.6          |
| Max Ambient (C)          | 83.9         |
| Junction Temperature (C) | 26.1         |
| Confidence Level         | Low          |
| Setting File             | ---          |
| Simulation Activity File | ---          |
| Design Nets Matched      | NA           |
+--------------------------+--------------+
* Specify Design Power Budget using, set_operating_conditions -design_power_budget <value in Watts>


1.1 On-Chip Components
----------------------

+--------------------------+-----------+----------+-----------+-----------------+
| On-Chip                  | Power (W) | Used     | Available | Utilization (%) |
+--------------------------+-----------+----------+-----------+-----------------+
| Clocks                   |     0.013 |       10 |       --- |             --- |
| Slice Logic              |     0.004 |     6848 |       --- |             --- |
|   LUT as Logic           |     0.004 |     2679 |     63400 |            4.23 |
|   LUT as Distributed RAM |    <0.001 |       64 |     19000 |            0.34 |
|   CARRY4                 |    <0.001 |       91 |     15850 |            0.57 |
|   Register               |    <0.001 |     2456 |    126800 |            1.94 |
|   F7/F8 Muxes            |    <0.001 |      143 |     63400 |            0.23 |
|   LUT as Shift Register  |    <0.001 |       43 |     19000 |            0.23 |
|   Others                 |     0.000 |      699 |       --- |             --- |
| Signals                  |     0.005 |     5438 |       --- |             --- |
| Block RAM                |     0.002 |    107.5 |       135 |           79.63 |
| MMCM                     |     0.106 |        1 |         6 |           16.67 |
| I/O                      |     0.006 |       58 |       210 |           27.62 |
| Static Power             |     0.103 |          |           |                 |
| Total                    |     0.238 |          |           |                 |
+--------------------------+-----------+----------+-----------+-----------------+


1.2 Power Supply Summary
------------------------

+-----------+-------------+-----------+-------------+------------+-------------+-------------+------------+
| Source    | Voltage (V) | Total (A) | Dynamic (A) | Static (A) | Powerup (A) | Budget (A)  | Margin (A) |
+-----------+-------------+-----------+-------------+------------+-------------+-------------+------------+
| Vccint    |       1.000 |     0.042 |       0.024 |      0.018 |       NA    | Unspecified | NA         |
| Vccaux    |       1.800 |     0.077 |       0.059 |      0.018 |       NA    | Unspecified | NA         |
| Vcco33    |       3.300 |     0.006 |       0.002 |      0.004 |       NA    | Unspecified | NA         |
| Vcco25    |       2.500 |     0.000 |       0.000 |      0.000 |       NA    | Unspecified | NA         |
| Vcco18    |       1.800 |     0.000 |       0.000 |      0.000 |       NA    | Unspecified | NA         |
| Vcco15    |       1.500 |     0.000 |       0.000 |      0.000 |       NA    | Unspecified | NA         |
| Vcco135   |       1.350 |     0.000 |       0.000 |      0.000 |       NA    | Unspecified | NA         |
| Vcco12    |       1.200 |     0.000 |       0.000 |      0.000 |       NA    | Unspecified | NA         |
| Vccaux_io |       1.800 |     0.000 |       0.000 |      0.000 |       NA    | Unspecified | NA         |
| Vccbram   |       1.000 |     0.003 |       0.000 |      0.003 |       NA    | Unspecified | NA         |
| MGTAVcc   |       1.000 |     0.000 |       0.000 |      0.000 |       NA    | Unspecified | NA         |
| MGTAVtt   |       1.200 |     0.000 |       0.000 |      0.000 |       NA    | Unspecified | NA         |
| Vccadc    |       1.800 |     0.020 |       0.000 |      0.020 |       NA    | Unspecified | NA         |
+-----------+-------------+-----------+-------------+------------+-------------+-------------+------------+


1.3 Confidence Level
--------------------

+-----------------------------+------------+--------------------------------------------------------+------------------------------------------------------------------------------------------------------------+
| User Input Data             | Confidence | Details                                                | Action                                                                                                     |
+-----------------------------+------------+--------------------------------------------------------+------------------------------------------------------------------------------------------------------------+
| Design implementation state | High       | Design is routed                                       |                                                                                                            |
| Clock nodes activity        | High       | User specified more than 95% of clocks                 |                                                                                                            |
| I/O nodes activity          | Low        | More than 75% of inputs are missing user specification | Provide missing input activity with simulation results or by editing the "By Resource Type -> I/Os" view   |
| Internal nodes activity     | Medium     | User specified less than 25% of internal nodes         | Provide missing internal nodes activity with simulation results or by editing the "By Resource Type" views |
| Device models               | High       | Device models are Production                           |                                                                                                            |
|                             |            |                                                        |                                                                                                            |
| Overall confidence level    | Low        |                                                        |                                                                                                            |
+-----------------------------+------------+--------------------------------------------------------+------------------------------------------------------------------------------------------------------------+


2. Settings
-----------

2.1 Environment
---------------

+-----------------------+--------------------------+
| Ambient Temp (C)      | 25.0                     |
| ThetaJA (C/W)         | 4.6                      |
| Airflow (LFM)         | 250                      |
| Heat Sink             | medium (Medium Profile)  |
| ThetaSA (C/W)         | 4.6                      |
| Board Selection       | medium (10"x10")         |
| # of Board Layers     | 12to15 (12 to 15 Layers) |
| Board Temperature (C) | 25.0                     |
+-----------------------+--------------------------+


2.2 Clock Constraints
---------------------

+-----------------------------------------------------------------------------------------------------+-----------------------------------------------------------------------------------------------------+-----------------+
| Clock                                                                                               | Domain                                                                                              | Constraint (ns) |
+-----------------------------------------------------------------------------------------------------+-----------------------------------------------------------------------------------------------------+-----------------+
| VGA_PCLK_RISC_V_clk_wiz_1_0                                                                         | u_cpu/RISC_V_i/clk_wiz_1/inst/VGA_PCLK_RISC_V_clk_wiz_1_0                                           |            40.0 |
| clk_out1_RISC_V_clk_wiz_1_0                                                                         | u_cpu/RISC_V_i/clk_wiz_1/inst/clk_out1_RISC_V_clk_wiz_1_0                                           |            10.0 |
| clkfbout_RISC_V_clk_wiz_1_0                                                                         | u_cpu/RISC_V_i/clk_wiz_1/inst/clkfbout_RISC_V_clk_wiz_1_0                                           |            10.0 |
| sys_clk_pin                                                                                         | CLK100MHZ                                                                                           |            10.0 |
| sys_clk_pin                                                                                         | CLK100MHZ_IBUF_BUFG                                                                                 |            10.0 |
| u_cpu/RISC_V_i/mdm_1/U0/MDM_Core_I1/JTAG_CONTROL_I/Test_Access_Port.BUFG_UPDATE/Using_FPGA.Native/O | u_cpu/RISC_V_i/mdm_1/U0/MDM_Core_I1/JTAG_CONTROL_I/Test_Access_Port.BUFG_UPDATE/Using_FPGA.Native_0 |            66.7 |
| u_cpu/RISC_V_i/mdm_1/U0/Use_E2.BSCAN_I/Use_E2.BSCANE2_I/TCK                                         | u_cpu/RISC_V_i/mdm_1/U0/Use_E2.BSCAN_I/tck                                                          |            33.3 |
| u_cpu/RISC_V_i/mdm_1/U0/Use_E2.BSCAN_I/Use_E2.BSCANE2_I/UPDATE                                      | u_cpu/RISC_V_i/mdm_1/U0/Use_E2.BSCAN_I/Use_E2.BSCANE2_I_n_9                                         |            33.3 |
+-----------------------------------------------------------------------------------------------------+-----------------------------------------------------------------------------------------------------+-----------------+


3. Detailed Reports
-------------------

3.1 By Hierarchy
----------------

+--------------------------+-----------+
| Name                     | Power (W) |
+--------------------------+-----------+
| NexysA7_Top              |     0.136 |
|   u_cpu                  |     0.128 |
|     RISC_V_i             |     0.128 |
|       axi_gpio_switches  |     0.001 |
|       axi_smc            |     0.003 |
|       blk_mem_gen_0      |     0.003 |
|       clk_wiz_1          |     0.106 |
|       microblaze_riscv_0 |     0.011 |
+--------------------------+-----------+


