Copyright 1986-2022 Xilinx, Inc. All Rights Reserved. Copyright 2022-2025 Advanced Micro Devices, Inc. All Rights Reserved.
---------------------------------------------------------------------------------------------------------------------------------------------
| Tool Version : Vivado v.2025.1 (win64) Build 6140274 Thu May 22 00:12:29 MDT 2025
| Date         : Thu Nov 13 12:31:09 2025
| Host         : ThinkpadP1_Liam running 64-bit major release  (build 9200)
| Command      : report_control_sets -verbose -file RISC_V_wrapper_control_sets_placed.rpt
| Design       : RISC_V_wrapper
| Device       : xc7a100t
---------------------------------------------------------------------------------------------------------------------------------------------

Control Set Information

Table of Contents
-----------------
1. Summary
2. Histogram
3. Flip-Flop Distribution
4. Detailed Control Set Information

1. Summary
----------

+----------------------------------------------------------+-------+
|                          Status                          | Count |
+----------------------------------------------------------+-------+
| Total control sets                                       |   159 |
|    Minimum number of control sets                        |   159 |
|    Addition due to synthesis replication                 |     0 |
|    Addition due to physical synthesis replication        |     0 |
| Unused register locations in slices containing registers |   653 |
+----------------------------------------------------------+-------+
* Control sets can be merged at opt_design using control_set_merge or merge_equivalent_drivers
** Run report_qor_suggestions for automated merging and remapping suggestions


2. Histogram
------------

+--------------------+-------+
|       Fanout       | Count |
+--------------------+-------+
| Total control sets |   159 |
| >= 0 to < 4        |    75 |
| >= 4 to < 6        |    14 |
| >= 6 to < 8        |    11 |
| >= 8 to < 10       |     5 |
| >= 10 to < 12      |     2 |
| >= 12 to < 14      |     3 |
| >= 14 to < 16      |     3 |
| >= 16              |    46 |
+--------------------+-------+
* Control sets can be remapped at either synth_design or opt_design


3. Flip-Flop Distribution
-------------------------

+--------------+-----------------------+------------------------+-----------------+--------------+
| Clock Enable | Synchronous Set/Reset | Asynchronous Set/Reset | Total Registers | Total Slices |
+--------------+-----------------------+------------------------+-----------------+--------------+
| No           | No                    | No                     |             429 |          151 |
| No           | No                    | Yes                    |              99 |           36 |
| No           | Yes                   | No                     |             411 |          157 |
| Yes          | No                    | No                     |             367 |           97 |
| Yes          | No                    | Yes                    |               7 |            6 |
| Yes          | Yes                   | No                     |            1010 |          363 |
+--------------+-----------------------+------------------------+-----------------+--------------+


4. Detailed Control Set Information
-----------------------------------

+------------------------------------------------------------------------------------------------+--------------------------------------------------------------------------------------------------------------------------------------------------------------------------+---------------------------------------------------------------------------------------------------------------------------------------------------------+------------------+----------------+--------------+
|                                          Clock Signal                                          |                                                                               Enable Signal                                                                              |                                                                     Set/Reset Signal                                                                    | Slice Load Count | Bel Load Count | Bels / Slice |
+------------------------------------------------------------------------------------------------+--------------------------------------------------------------------------------------------------------------------------------------------------------------------------+---------------------------------------------------------------------------------------------------------------------------------------------------------+------------------+----------------+--------------+
|  RISC_V_i/clk_wiz_1/inst/clk_out1                                                              |                                                                                                                                                                          | RISC_V_i/axi_smc/inst/m01_nodes/m01_b_node/inst/s_sc_areset_pipe                                                                                        |                1 |              1 |         1.00 |
|  RISC_V_i/clk_wiz_1/inst/clk_out1                                                              |                                                                                                                                                                          | RISC_V_i/axi_smc/inst/m02_nodes/m02_aw_node/inst/s_sc_areset_pipe                                                                                       |                1 |              1 |         1.00 |
|  RISC_V_i/clk_wiz_1/inst/clk_out1                                                              |                                                                                                                                                                          | RISC_V_i/axi_smc/inst/switchboards/i_nodes/i_w_node/inst/s_sc_areset_pipe                                                                               |                1 |              1 |         1.00 |
|  RISC_V_i/clk_wiz_1/inst/clk_out1                                                              |                                                                                                                                                                          | RISC_V_i/axi_smc/inst/m02_nodes/m02_b_node/inst/s_sc_areset_pipe                                                                                        |                1 |              1 |         1.00 |
|  RISC_V_i/clk_wiz_1/inst/clk_out1                                                              |                                                                                                                                                                          | RISC_V_i/axi_smc/inst/switchboards/i_nodes/i_ar_node/inst/s_sc_areset_pipe                                                                              |                1 |              1 |         1.00 |
|  RISC_V_i/clk_wiz_1/inst/clk_out1                                                              |                                                                                                                                                                          | RISC_V_i/axi_smc/inst/m02_nodes/m02_r_node/inst/s_sc_areset_pipe                                                                                        |                1 |              1 |         1.00 |
|  RISC_V_i/clk_wiz_1/inst/clk_out1                                                              |                                                                                                                                                                          | RISC_V_i/microblaze_riscv_0/U0/riscv_core_I/Base.Core/Use_Debug_Logic.Master_Core.Debug_Perf/Serial_Dbg_Intf.capture_1                                  |                1 |              1 |         1.00 |
|  RISC_V_i/clk_wiz_1/inst/clk_out1                                                              |                                                                                                                                                                          | RISC_V_i/axi_smc/inst/m02_nodes/m02_w_node/inst/s_sc_areset_pipe                                                                                        |                1 |              1 |         1.00 |
|  RISC_V_i/clk_wiz_1/inst/clk_out1                                                              |                                                                                                                                                                          | RISC_V_i/axi_smc/inst/switchboards/i_nodes/i_aw_node/inst/s_sc_areset_pipe                                                                              |                1 |              1 |         1.00 |
|  RISC_V_i/clk_wiz_1/inst/clk_out1                                                              | RISC_V_i/microblaze_riscv_0/U0/riscv_core_I/Base.Core/Decode_I/jump_logic_I1/MUXCY_JUMP_CARRY4/lopt_3                                                                    | RISC_V_i/microblaze_riscv_0/U0/riscv_core_I/Base.Core/Decode_I/Use_MuxCy[5].OF_Piperun_Stage/MUXCY_I/ex_bt_hit_hold                                     |                1 |              1 |         1.00 |
|  RISC_V_i/clk_wiz_1/inst/clk_out1                                                              |                                                                                                                                                                          | RISC_V_i/axi_smc/inst/m02_nodes/m02_ar_node/inst/s_sc_areset_pipe                                                                                       |                1 |              1 |         1.00 |
|  RISC_V_i/mdm_1/U0/MDM_Core_I1/JTAG_CONTROL_I/Test_Access_Port.BUFG_UPDATE/Using_FPGA.Native_0 | RISC_V_i/microblaze_riscv_0/U0/riscv_core_I/Base.Core/Use_Debug_Logic.Master_Core.Debug_Perf/dmcontrol_write                                                             | RISC_V_i/microblaze_riscv_0/U0/riscv_core_I/Base.Core/Use_Debug_Logic.Master_Core.Debug_Perf/start_single_step_reg_0                                    |                1 |              1 |         1.00 |
|  RISC_V_i/mdm_1/U0/MDM_Core_I1/JTAG_CONTROL_I/Test_Access_Port.BUFG_UPDATE/Using_FPGA.Native_0 | RISC_V_i/microblaze_riscv_0/U0/riscv_core_I/Base.Core/Use_Debug_Logic.Master_Core.Debug_Perf/dmcontrol_write                                                             | RISC_V_i/microblaze_riscv_0/U0/riscv_core_I/Base.Core/Use_Debug_Logic.Master_Core.Debug_Perf/normal_stop_cmd_i                                          |                1 |              1 |         1.00 |
|  RISC_V_i/mdm_1/U0/MDM_Core_I1/JTAG_CONTROL_I/Test_Access_Port.BUFG_UPDATE/Using_FPGA.Native_0 |                                                                                                                                                                          | RISC_V_i/microblaze_riscv_0/U0/riscv_core_I/Base.Core/Use_Debug_Logic.Master_Core.Debug_Perf/continue_from_brk                                          |                1 |              1 |         1.00 |
|  RISC_V_i/clk_wiz_1/inst/clk_out1                                                              |                                                                                                                                                                          | RISC_V_i/axi_smc/inst/s00_nodes/s00_b_node/inst/s_sc_areset_pipe                                                                                        |                1 |              1 |         1.00 |
|  RISC_V_i/clk_wiz_1/inst/clk_out1                                                              |                                                                                                                                                                          | RISC_V_i/axi_smc/inst/m01_nodes/m01_ar_node/inst/s_sc_areset_pipe                                                                                       |                1 |              1 |         1.00 |
|  RISC_V_i/clk_wiz_1/inst/clk_out1                                                              |                                                                                                                                                                          | RISC_V_i/axi_smc/inst/s00_nodes/s00_w_node/inst/s_sc_areset_pipe                                                                                        |                1 |              1 |         1.00 |
|  RISC_V_i/clk_wiz_1/inst/clk_out1                                                              |                                                                                                                                                                          | RISC_V_i/axi_smc/inst/m01_nodes/m01_aw_node/inst/s_sc_areset_pipe                                                                                       |                1 |              1 |         1.00 |
|  RISC_V_i/clk_wiz_1/inst/clk_out1                                                              |                                                                                                                                                                          | RISC_V_i/axi_smc/inst/switchboards/i_nodes/i_b_node/inst/s_sc_areset_pipe                                                                               |                1 |              1 |         1.00 |
| ~RISC_V_i/mdm_1/U0/Use_E2.BSCAN_I/tck_BUFG                                                     |                                                                                                                                                                          |                                                                                                                                                         |                1 |              1 |         1.00 |
|  RISC_V_i/clk_wiz_1/inst/clk_out1                                                              |                                                                                                                                                                          | RISC_V_i/axi_smc/inst/s00_nodes/s00_ar_node/inst/s_sc_areset_pipe                                                                                       |                1 |              1 |         1.00 |
|  RISC_V_i/clk_wiz_1/inst/clk_out1                                                              |                                                                                                                                                                          | RISC_V_i/axi_smc/inst/m01_nodes/m01_r_node/inst/s_sc_areset_pipe                                                                                        |                1 |              1 |         1.00 |
|  RISC_V_i/clk_wiz_1/inst/clk_out1                                                              | RISC_V_i/microblaze_riscv_0/U0/riscv_core_I/Base.Core/Decode_I/status[TSR]0                                                                                              | RISC_V_i/microblaze_riscv_0/U0/riscv_core_I/Base.Core/Decode_I/No_Short_Pipe_5.Using_FPGA.Gen_Bits[1].MEM_EX_Result_Inst/Use_Async_Reset.sync_reset_reg |                1 |              1 |         1.00 |
|  RISC_V_i/clk_wiz_1/inst/clk_out1                                                              |                                                                                                                                                                          | RISC_V_i/axi_smc/inst/m00_nodes/m00_ar_node/inst/s_sc_areset_pipe                                                                                       |                1 |              1 |         1.00 |
|  RISC_V_i/clk_wiz_1/inst/clk_out1                                                              |                                                                                                                                                                          | RISC_V_i/axi_smc/inst/s00_nodes/s00_aw_node/inst/s_sc_areset_pipe                                                                                       |                1 |              1 |         1.00 |
|  RISC_V_i/clk_wiz_1/inst/clk_out1                                                              |                                                                                                                                                                          | RISC_V_i/axi_smc/inst/m00_nodes/m00_aw_node/inst/s_sc_areset_pipe                                                                                       |                1 |              1 |         1.00 |
|  RISC_V_i/clk_wiz_1/inst/clk_out1                                                              |                                                                                                                                                                          | RISC_V_i/axi_smc/inst/switchboards/i_nodes/i_r_node/inst/s_sc_areset_pipe                                                                               |                1 |              1 |         1.00 |
|  RISC_V_i/clk_wiz_1/inst/clk_out1                                                              |                                                                                                                                                                          | RISC_V_i/axi_smc/inst/m00_nodes/m00_b_node/inst/s_sc_areset_pipe                                                                                        |                1 |              1 |         1.00 |
|  RISC_V_i/clk_wiz_1/inst/clk_out1                                                              | RISC_V_i/microblaze_riscv_0/U0/riscv_core_I/Base.Core/Decode_I/jump_logic_I1/MUXCY_JUMP_CARRY4/lopt_3                                                                    | RISC_V_i/microblaze_riscv_0/U0/riscv_core_I/Base.Core/Decode_I/Use_MuxCy[3].OF_Piperun_Stage/MUXCY_I/lopt_4                                             |                1 |              1 |         1.00 |
|  RISC_V_i/clk_wiz_1/inst/clk_out1                                                              |                                                                                                                                                                          | RISC_V_i/axi_smc/inst/m00_nodes/m00_r_node/inst/s_sc_areset_pipe                                                                                        |                1 |              1 |         1.00 |
|  RISC_V_i/clk_wiz_1/inst/clk_out1                                                              | RISC_V_i/microblaze_riscv_0/U0/riscv_core_I/Base.Core/Decode_I/Use_Trigger.tdata1_all[0][dmode]                                                                          | RISC_V_i/microblaze_riscv_0/U0/riscv_core_I/sync_reset                                                                                                  |                1 |              1 |         1.00 |
|  RISC_V_i/clk_wiz_1/inst/clk_out1                                                              |                                                                                                                                                                          | RISC_V_i/axi_smc/inst/m00_nodes/m00_w_node/inst/s_sc_areset_pipe                                                                                        |                1 |              1 |         1.00 |
|  RISC_V_i/mdm_1/U0/MDM_Core_I1/JTAG_CONTROL_I/Test_Access_Port.BUFG_UPDATE/Using_FPGA.Native_0 | RISC_V_i/microblaze_riscv_0/U0/riscv_core_I/Base.Core/Use_Debug_Logic.Master_Core.Debug_Perf/p_100_in                                                                    | RISC_V_i/microblaze_riscv_0/U0/riscv_core_I/Base.Core/Use_Debug_Logic.Master_Core.Debug_Perf/register_read_cmd                                          |                1 |              1 |         1.00 |
|  RISC_V_i/mdm_1/U0/MDM_Core_I1/JTAG_CONTROL_I/Test_Access_Port.BUFG_UPDATE/Using_FPGA.Native_0 | RISC_V_i/microblaze_riscv_0/U0/riscv_core_I/Base.Core/Use_Debug_Logic.Master_Core.Debug_Perf/p_100_in                                                                    | RISC_V_i/microblaze_riscv_0/U0/riscv_core_I/Base.Core/Use_Debug_Logic.Master_Core.Debug_Perf/Serial_Dbg_Intf.register_write_cmd_reg_0                   |                1 |              1 |         1.00 |
|  RISC_V_i/mdm_1/U0/MDM_Core_I1/JTAG_CONTROL_I/Test_Access_Port.BUFG_UPDATE/Using_FPGA.Native_0 |                                                                                                                                                                          | RISC_V_i/microblaze_riscv_0/U0/riscv_core_I/Base.Core/Use_Debug_Logic.Master_Core.Debug_Perf/Functional_Reset22_out                                     |                1 |              1 |         1.00 |
|  RISC_V_i/clk_wiz_1/inst/clk_out1                                                              |                                                                                                                                                                          | RISC_V_i/axi_smc/inst/s00_nodes/s00_r_node/inst/s_sc_areset_pipe                                                                                        |                1 |              1 |         1.00 |
|  RISC_V_i/clk_wiz_1/inst/clk_out1                                                              |                                                                                                                                                                          | RISC_V_i/axi_smc/inst/m01_nodes/m01_w_node/inst/s_sc_areset_pipe                                                                                        |                1 |              1 |         1.00 |
|  RISC_V_i/mdm_1/U0/MDM_Core_I1/JTAG_CONTROL_I/Test_Access_Port.BUFG_UPDATE/Using_FPGA.Native_0 |                                                                                                                                                                          | RISC_V_i/microblaze_riscv_0/U0/riscv_core_I/Base.Core/Decode_I/Functional_Reset                                                                         |                1 |              1 |         1.00 |
|  RISC_V_i/mdm_1/U0/Use_E2.BSCAN_I/tck_BUFG                                                     |                                                                                                                                                                          | RISC_V_i/mdm_1/U0/Use_E2.BSCAN_I/Use_E2.BSCANE2_I_0                                                                                                     |                1 |              2 |         2.00 |
|  RISC_V_i/clk_wiz_1/inst/clk_out1                                                              | RISC_V_i/microblaze_riscv_0/U0/riscv_core_I/Base.Core/Decode_I/Use_Counters.mcountinhibit_reg[CY]0                                                                       | RISC_V_i/microblaze_riscv_0/U0/riscv_core_I/sync_reset                                                                                                  |                2 |              2 |         1.00 |
|  RISC_V_i/clk_wiz_1/inst/clk_out1                                                              | RISC_V_i/microblaze_riscv_0/U0/riscv_core_I/Base.Core/Decode_I/Use_Trigger.tdata1_all[0][dmode]1                                                                         | RISC_V_i/microblaze_riscv_0/U0/riscv_core_I/sync_reset                                                                                                  |                1 |              2 |         2.00 |
|  RISC_V_i/clk_wiz_1/inst/clk_out1                                                              |                                                                                                                                                                          | RISC_V_i/axi_smc/inst/switchboards/i_nodes/i_aw_node/inst/s_sc_xpm_cdc_async_rst_inst/reset_pol                                                         |                1 |              3 |         3.00 |
|  RISC_V_i/clk_wiz_1/inst/clk_out1                                                              |                                                                                                                                                                          | RISC_V_i/axi_smc/inst/switchboards/i_nodes/i_b_node/inst/s_sc_xpm_cdc_async_rst_inst/reset_pol                                                          |                1 |              3 |         3.00 |
| ~RISC_V_i/mdm_1/U0/Use_JTAG_BSCAN.BUFG_JTAG_TCK/Use_JTAG_BSCAN.tck_int                         |                                                                                                                                                                          |                                                                                                                                                         |                2 |              3 |         1.50 |
|  RISC_V_i/clk_wiz_1/inst/clk_out1                                                              |                                                                                                                                                                          | RISC_V_i/axi_smc/inst/switchboards/i_nodes/i_r_node/inst/s_sc_xpm_cdc_async_rst_inst/reset_pol                                                          |                1 |              3 |         3.00 |
|  RISC_V_i/clk_wiz_1/inst/clk_out1                                                              |                                                                                                                                                                          | RISC_V_i/axi_smc/inst/switchboards/i_nodes/i_w_node/inst/s_sc_xpm_cdc_async_rst_inst/reset_pol                                                          |                1 |              3 |         3.00 |
|  RISC_V_i/clk_wiz_1/inst/clk_out1                                                              |                                                                                                                                                                          | RISC_V_i/axi_smc/inst/m02_nodes/m02_ar_node/inst/s_sc_xpm_cdc_async_rst_inst/reset_pol                                                                  |                1 |              3 |         3.00 |
|  RISC_V_i/clk_wiz_1/inst/clk_out1                                                              | RISC_V_i/microblaze_riscv_0/U0/riscv_core_I/Base.Core/Decode_I/ex_Sel_CSR_i_reg[dcsr]_0[0]                                                                               | RISC_V_i/microblaze_riscv_0/U0/riscv_core_I/sync_reset                                                                                                  |                1 |              3 |         3.00 |
|  RISC_V_i/clk_wiz_1/inst/clk_out1                                                              |                                                                                                                                                                          | RISC_V_i/axi_smc/inst/m00_exit_pipeline/m00_exit/inst/xpm_cdc_async_rst_inst/reset_pol                                                                  |                1 |              3 |         3.00 |
|  RISC_V_i/mdm_1/U0/MDM_Core_I1/JTAG_CONTROL_I/Test_Access_Port.BUFG_UPDATE/Using_FPGA.Native_0 | RISC_V_i/microblaze_riscv_0/U0/riscv_core_I/Base.Core/Use_Debug_Logic.Master_Core.Debug_Perf/p_100_in                                                                    | RISC_V_i/microblaze_riscv_0/U0/riscv_core_I/Base.Core/Use_Debug_Logic.Master_Core.Debug_Perf/do_new_dbg_instr                                           |                2 |              3 |         1.50 |
|  RISC_V_i/clk_wiz_1/inst/clk_out1                                                              |                                                                                                                                                                          | RISC_V_i/axi_smc/inst/m01_exit_pipeline/m01_exit/inst/xpm_cdc_async_rst_inst/reset_pol                                                                  |                1 |              3 |         3.00 |
|  RISC_V_i/clk_wiz_1/inst/clk_out1                                                              |                                                                                                                                                                          | RISC_V_i/axi_smc/inst/m01_nodes/m01_ar_node/inst/s_sc_xpm_cdc_async_rst_inst/reset_pol                                                                  |                1 |              3 |         3.00 |
|  RISC_V_i/clk_wiz_1/inst/clk_out1                                                              |                                                                                                                                                                          | RISC_V_i/axi_smc/inst/m01_nodes/m01_aw_node/inst/s_sc_xpm_cdc_async_rst_inst/reset_pol                                                                  |                1 |              3 |         3.00 |
|  RISC_V_i/clk_wiz_1/inst/clk_out1                                                              |                                                                                                                                                                          | RISC_V_i/axi_smc/inst/m01_nodes/m01_b_node/inst/s_sc_xpm_cdc_async_rst_inst/reset_pol                                                                   |                1 |              3 |         3.00 |
|  RISC_V_i/clk_wiz_1/inst/clk_out1                                                              |                                                                                                                                                                          | RISC_V_i/axi_smc/inst/m01_nodes/m01_r_node/inst/s_sc_xpm_cdc_async_rst_inst/reset_pol                                                                   |                1 |              3 |         3.00 |
|  RISC_V_i/clk_wiz_1/inst/clk_out1                                                              |                                                                                                                                                                          | RISC_V_i/axi_smc/inst/m00_nodes/m00_ar_node/inst/s_sc_xpm_cdc_async_rst_inst/reset_pol                                                                  |                1 |              3 |         3.00 |
|  RISC_V_i/clk_wiz_1/inst/clk_out1                                                              |                                                                                                                                                                          | RISC_V_i/axi_smc/inst/m00_nodes/m00_aw_node/inst/s_sc_xpm_cdc_async_rst_inst/reset_pol                                                                  |                1 |              3 |         3.00 |
|  RISC_V_i/clk_wiz_1/inst/clk_out1                                                              |                                                                                                                                                                          | RISC_V_i/axi_smc/inst/m00_nodes/m00_b_node/inst/s_sc_xpm_cdc_async_rst_inst/reset_pol                                                                   |                1 |              3 |         3.00 |
|  RISC_V_i/clk_wiz_1/inst/clk_out1                                                              |                                                                                                                                                                          | RISC_V_i/axi_smc/inst/m00_nodes/m00_r_node/inst/s_sc_xpm_cdc_async_rst_inst/reset_pol                                                                   |                1 |              3 |         3.00 |
|  RISC_V_i/clk_wiz_1/inst/clk_out1                                                              |                                                                                                                                                                          | RISC_V_i/axi_smc/inst/m00_nodes/m00_w_node/inst/s_sc_xpm_cdc_async_rst_inst/reset_pol                                                                   |                1 |              3 |         3.00 |
|  RISC_V_i/clk_wiz_1/inst/clk_out1                                                              |                                                                                                                                                                          | RISC_V_i/axi_smc/inst/m01_nodes/m01_w_node/inst/s_sc_xpm_cdc_async_rst_inst/reset_pol                                                                   |                1 |              3 |         3.00 |
|  RISC_V_i/clk_wiz_1/inst/clk_out1                                                              |                                                                                                                                                                          | RISC_V_i/axi_smc/inst/m02_exit_pipeline/m02_exit/inst/xpm_cdc_async_rst_inst/reset_pol                                                                  |                1 |              3 |         3.00 |
|  RISC_V_i/clk_wiz_1/inst/clk_out1                                                              |                                                                                                                                                                          | RISC_V_i/axi_smc/inst/m02_nodes/m02_aw_node/inst/s_sc_xpm_cdc_async_rst_inst/reset_pol                                                                  |                1 |              3 |         3.00 |
|  RISC_V_i/clk_wiz_1/inst/clk_out1                                                              |                                                                                                                                                                          | RISC_V_i/axi_smc/inst/m02_nodes/m02_b_node/inst/s_sc_xpm_cdc_async_rst_inst/reset_pol                                                                   |                1 |              3 |         3.00 |
|  RISC_V_i/clk_wiz_1/inst/clk_out1                                                              |                                                                                                                                                                          | RISC_V_i/axi_smc/inst/m02_nodes/m02_r_node/inst/s_sc_xpm_cdc_async_rst_inst/reset_pol                                                                   |                1 |              3 |         3.00 |
|  RISC_V_i/clk_wiz_1/inst/clk_out1                                                              |                                                                                                                                                                          | RISC_V_i/axi_smc/inst/m02_nodes/m02_w_node/inst/s_sc_xpm_cdc_async_rst_inst/reset_pol                                                                   |                1 |              3 |         3.00 |
|  RISC_V_i/clk_wiz_1/inst/clk_out1                                                              |                                                                                                                                                                          | RISC_V_i/axi_smc/inst/s00_entry_pipeline/s00_mmu/inst/xpm_cdc_async_rst_inst/reset_pol                                                                  |                1 |              3 |         3.00 |
|  RISC_V_i/clk_wiz_1/inst/clk_out1                                                              |                                                                                                                                                                          | RISC_V_i/axi_smc/inst/s00_entry_pipeline/s00_si_converter/inst/xpm_cdc_async_rst_inst/reset_pol                                                         |                1 |              3 |         3.00 |
|  RISC_V_i/clk_wiz_1/inst/clk_out1                                                              |                                                                                                                                                                          | RISC_V_i/axi_smc/inst/s00_entry_pipeline/s00_transaction_regulator/inst/xpm_cdc_async_rst_inst/reset_pol                                                |                1 |              3 |         3.00 |
|  RISC_V_i/clk_wiz_1/inst/clk_out1                                                              |                                                                                                                                                                          | RISC_V_i/axi_smc/inst/s00_nodes/s00_ar_node/inst/s_sc_xpm_cdc_async_rst_inst/reset_pol                                                                  |                1 |              3 |         3.00 |
|  RISC_V_i/clk_wiz_1/inst/clk_out1                                                              |                                                                                                                                                                          | RISC_V_i/axi_smc/inst/s00_nodes/s00_aw_node/inst/s_sc_xpm_cdc_async_rst_inst/reset_pol                                                                  |                1 |              3 |         3.00 |
|  RISC_V_i/clk_wiz_1/inst/clk_out1                                                              |                                                                                                                                                                          | RISC_V_i/axi_smc/inst/s00_nodes/s00_b_node/inst/s_sc_xpm_cdc_async_rst_inst/reset_pol                                                                   |                1 |              3 |         3.00 |
|  RISC_V_i/clk_wiz_1/inst/clk_out1                                                              |                                                                                                                                                                          | RISC_V_i/axi_smc/inst/s00_nodes/s00_r_node/inst/s_sc_xpm_cdc_async_rst_inst/reset_pol                                                                   |                1 |              3 |         3.00 |
|  RISC_V_i/clk_wiz_1/inst/clk_out1                                                              |                                                                                                                                                                          | RISC_V_i/axi_smc/inst/s00_nodes/s00_w_node/inst/s_sc_xpm_cdc_async_rst_inst/reset_pol                                                                   |                1 |              3 |         3.00 |
|  RISC_V_i/clk_wiz_1/inst/clk_out1                                                              |                                                                                                                                                                          | RISC_V_i/axi_smc/inst/switchboards/i_nodes/i_ar_node/inst/s_sc_xpm_cdc_async_rst_inst/reset_pol                                                         |                1 |              3 |         3.00 |
|  RISC_V_i/clk_wiz_1/inst/clk_out1                                                              | RISC_V_i/axi_gpio_leds/U0/AXI_LITE_IPIF_I/I_SLAVE_ATTACHMENT/bus2ip_addr_i[8]_i_1_n_0                                                                                    | RISC_V_i/axi_gpio_leds/U0/AXI_LITE_IPIF_I/I_SLAVE_ATTACHMENT/SR[0]                                                                                      |                1 |              4 |         4.00 |
|  RISC_V_i/clk_wiz_1/inst/clk_out1                                                              |                                                                                                                                                                          | RISC_V_i/axi_smc/inst/clk_map/psr_aclk/U0/EXT_LPF/lpf_int                                                                                               |                2 |              4 |         2.00 |
|  RISC_V_i/clk_wiz_1/inst/clk_out1                                                              | RISC_V_i/axi_gpio_switches/U0/AXI_LITE_IPIF_I/I_SLAVE_ATTACHMENT/bus2ip_addr_i[8]_i_1_n_0                                                                                | RISC_V_i/axi_gpio_switches/U0/AXI_LITE_IPIF_I/I_SLAVE_ATTACHMENT/SR[0]                                                                                  |                1 |              4 |         4.00 |
|  RISC_V_i/clk_wiz_1/inst/clk_out1                                                              | RISC_V_i/axi_gpio_switches/U0/AXI_LITE_IPIF_I/I_SLAVE_ATTACHMENT/start2                                                                                                  | RISC_V_i/axi_gpio_switches/U0/AXI_LITE_IPIF_I/I_SLAVE_ATTACHMENT/I_DECODER/cs_ce_clr                                                                    |                1 |              4 |         4.00 |
|  RISC_V_i/clk_wiz_1/inst/clk_out1                                                              | RISC_V_i/axi_gpio_leds/U0/AXI_LITE_IPIF_I/I_SLAVE_ATTACHMENT/start2                                                                                                      | RISC_V_i/axi_gpio_leds/U0/AXI_LITE_IPIF_I/I_SLAVE_ATTACHMENT/I_DECODER/cs_ce_clr                                                                        |                1 |              4 |         4.00 |
|  RISC_V_i/clk_wiz_1/inst/clk_out1                                                              |                                                                                                                                                                          | RISC_V_i/axi_gpio_leds/U0/AXI_LITE_IPIF_I/I_SLAVE_ATTACHMENT/clear                                                                                      |                1 |              4 |         4.00 |
|  RISC_V_i/clk_wiz_1/inst/clk_out1                                                              | RISC_V_i/axi_uartlite_0/U0/AXI_LITE_IPIF_I/I_SLAVE_ATTACHMENT/start2                                                                                                     | RISC_V_i/axi_uartlite_0/U0/AXI_LITE_IPIF_I/I_SLAVE_ATTACHMENT/I_DECODER/cs_ce_clr                                                                       |                1 |              4 |         4.00 |
|  RISC_V_i/clk_wiz_1/inst/clk_out1                                                              | RISC_V_i/axi_uartlite_0/U0/UARTLITE_CORE_I/BAUD_RATE_I/en_16x_Baud                                                                                                       |                                                                                                                                                         |                1 |              4 |         4.00 |
|  RISC_V_i/clk_wiz_1/inst/clk_out1                                                              |                                                                                                                                                                          | RISC_V_i/axi_gpio_switches/U0/AXI_LITE_IPIF_I/I_SLAVE_ATTACHMENT/clear                                                                                  |                1 |              4 |         4.00 |
|  RISC_V_i/mdm_1/U0/Use_JTAG_BSCAN.BUFG_JTAG_TCK/Use_JTAG_BSCAN.tck_int                         | RISC_V_i/mdm_1/U0/MDM_Core_I1/JTAG_CONTROL_I/Test_Access_Port.sel_dmi_i_1_n_0                                                                                            |                                                                                                                                                         |                1 |              5 |         5.00 |
|  RISC_V_i/mdm_1/U0/Use_JTAG_BSCAN.BUFG_JTAG_TCK/Use_JTAG_BSCAN.tck_int                         | RISC_V_i/mdm_1/U0/MDM_Core_I1/JTAG_CONTROL_I/Test_Access_Port.ir[4]_i_1_n_0                                                                                              |                                                                                                                                                         |                2 |              5 |         2.50 |
|  RISC_V_i/mdm_1/U0/MDM_Core_I1/JTAG_CONTROL_I/Test_Access_Port.BUFG_UPDATE/Using_FPGA.Native_0 | RISC_V_i/microblaze_riscv_0/U0/riscv_core_I/Base.Core/Use_Debug_Logic.Master_Core.Debug_Perf/p_109_in                                                                    |                                                                                                                                                         |                1 |              5 |         5.00 |
|  RISC_V_i/clk_wiz_1/inst/clk_out1                                                              | RISC_V_i/microblaze_riscv_0/U0/riscv_core_I/Base.Core/Decode_I/No_Short_Pipe_5.Using_FPGA.Gen_Bits[1].MEM_EX_Result_Inst/ex_Sel_CSR_i_reg[mcause][0]                     | RISC_V_i/microblaze_riscv_0/U0/riscv_core_I/sync_reset                                                                                                  |                3 |              5 |         1.67 |
|  RISC_V_i/clk_wiz_1/inst/clk_out1                                                              |                                                                                                                                                                          | RISC_V_i/rst_clk_wiz_1_100M/U0/EXT_LPF/lpf_int                                                                                                          |                2 |              5 |         2.50 |
|  RISC_V_i/clk_wiz_1/inst/clk_out1                                                              | RISC_V_i/rst_clk_wiz_1_100M/U0/SEQ/seq_cnt_en                                                                                                                            | RISC_V_i/rst_clk_wiz_1_100M/U0/SEQ/SEQ_COUNTER/clear                                                                                                    |                1 |              6 |         6.00 |
|  RISC_V_i/clk_wiz_1/inst/clk_out1                                                              | RISC_V_i/axi_smc/inst/switchboards/i_nodes/i_aw_node/inst/inst_mi_handler/gen_normal_area.inst_fifo_node_payld/gen_reg_fifo.inst_reg_fifo/gen_single_rank.inst_cntr/E[0] |                                                                                                                                                         |                2 |              6 |         3.00 |
|  RISC_V_i/clk_wiz_1/inst/clk_out1                                                              |                                                                                                                                                                          | RISC_V_i/axi_uartlite_0/U0/UARTLITE_CORE_I/UARTLITE_TX_I/SRL_FIFO_I/TX_FIFO_Reset                                                                       |                2 |              6 |         3.00 |
|  RISC_V_i/clk_wiz_1/inst/clk_out1                                                              |                                                                                                                                                                          | RISC_V_i/axi_uartlite_0/U0/UARTLITE_CORE_I/UARTLITE_RX_I/SRL_FIFO_I/RX_FIFO_Reset                                                                       |                2 |              6 |         3.00 |
|  RISC_V_i/clk_wiz_1/inst/clk_out1                                                              | RISC_V_i/axi_smc/inst/s00_entry_pipeline/s00_mmu/inst/ar_reg_stall/m_vector_i                                                                                            |                                                                                                                                                         |                2 |              6 |         3.00 |
|  RISC_V_i/clk_wiz_1/inst/clk_out1                                                              | RISC_V_i/axi_smc/inst/s00_entry_pipeline/s00_mmu/inst/ar_reg_stall/skid_buffer[1136]_i_1_n_0                                                                             |                                                                                                                                                         |                2 |              6 |         3.00 |
|  RISC_V_i/clk_wiz_1/inst/clk_out1                                                              | RISC_V_i/axi_smc/inst/s00_entry_pipeline/s00_mmu/inst/aw_reg_stall/m_vector_i                                                                                            |                                                                                                                                                         |                2 |              6 |         3.00 |
|  RISC_V_i/clk_wiz_1/inst/clk_out1                                                              | RISC_V_i/axi_smc/inst/s00_entry_pipeline/s00_mmu/inst/aw_reg_stall/skid_buffer[1136]_i_1__0_n_0                                                                          |                                                                                                                                                         |                1 |              6 |         6.00 |
|  RISC_V_i/clk_wiz_1/inst/clk_out1                                                              | RISC_V_i/axi_smc/inst/clk_map/psr_aclk/U0/SEQ/seq_cnt_en                                                                                                                 | RISC_V_i/axi_smc/inst/clk_map/psr_aclk/U0/SEQ/SEQ_COUNTER/clear                                                                                         |                1 |              6 |         6.00 |
|  RISC_V_i/clk_wiz_1/inst/clk_out1                                                              | RISC_V_i/axi_smc/inst/switchboards/i_nodes/i_ar_node/inst/inst_mi_handler/gen_normal_area.inst_fifo_node_payld/gen_reg_fifo.inst_reg_fifo/gen_single_rank.inst_cntr/E[0] |                                                                                                                                                         |                2 |              6 |         3.00 |
|  RISC_V_i/clk_wiz_1/inst/clk_out1                                                              | RISC_V_i/axi_uartlite_0/U0/UARTLITE_CORE_I/BAUD_RATE_I/en_16x_Baud                                                                                                       | RISC_V_i/axi_uartlite_0/U0/UARTLITE_CORE_I/UARTLITE_RX_I/SERIAL_TO_PARALLEL[8].fifo_din[8]_i_1_n_0                                                      |                1 |              7 |         7.00 |
|  RISC_V_i/mdm_1/U0/Use_E2.BSCAN_I/tck_BUFG                                                     | RISC_V_i/mdm_1/U0/Use_E2.BSCAN_I/E[0]                                                                                                                                    |                                                                                                                                                         |                2 |              8 |         4.00 |
|  RISC_V_i/clk_wiz_1/inst/clk_out1                                                              | RISC_V_i/axi_uartlite_0/U0/UARTLITE_CORE_I/UARTLITE_RX_I/SRL_FIFO_I/fifo_wr                                                                                              |                                                                                                                                                         |                1 |              8 |         8.00 |
|  RISC_V_i/mdm_1/U0/Use_E2.BSCAN_I/tck_BUFG                                                     | RISC_V_i/mdm_1/U0/Use_E2.BSCAN_I/Use_JTAG_BSCAN.tap_cnt_ok_reg[0]                                                                                                        | RISC_V_i/mdm_1/U0/Use_E2.BSCAN_I/Use_JTAG_BSCAN.tms_ok                                                                                                  |                3 |              8 |         2.67 |
|  RISC_V_i/clk_wiz_1/inst/clk_out1                                                              | RISC_V_i/axi_uartlite_0/U0/AXI_LITE_IPIF_I/I_SLAVE_ATTACHMENT/I_DECODER/fifo_wr                                                                                          |                                                                                                                                                         |                1 |              8 |         8.00 |
|  RISC_V_i/clk_wiz_1/inst/clk_out1                                                              | RISC_V_i/axi_uartlite_0/U0/AXI_LITE_IPIF_I/I_SLAVE_ATTACHMENT/s_axi_rresp_i                                                                                              | RISC_V_i/axi_uartlite_0/U0/AXI_LITE_IPIF_I/I_SLAVE_ATTACHMENT/rst                                                                                       |                3 |              9 |         3.00 |
|  RISC_V_i/clk_wiz_1/inst/clk_out1                                                              |                                                                                                                                                                          | RISC_V_i/axi_uartlite_0/U0/AXI_LITE_IPIF_I/I_SLAVE_ATTACHMENT/rst                                                                                       |                4 |             11 |         2.75 |
|  RISC_V_i/mdm_1/U0/Use_E2.BSCAN_I/tck_BUFG                                                     |                                                                                                                                                                          |                                                                                                                                                         |                5 |             11 |         2.20 |
|  RISC_V_i/clk_wiz_1/inst/clk_out1                                                              |                                                                                                                                                                          | RISC_V_i/axi_smc/inst/switchboards/i_nodes/i_r_node/inst/inst_si_handler/areset_r                                                                       |                5 |             12 |         2.40 |
|  RISC_V_i/clk_wiz_1/inst/clk_out1                                                              |                                                                                                                                                                          | RISC_V_i/axi_smc/inst/switchboards/i_nodes/i_b_node/inst/inst_si_handler/areset_r                                                                       |                5 |             12 |         2.40 |
|  RISC_V_i/clk_wiz_1/inst/clk_out1                                                              | RISC_V_i/microblaze_riscv_0/U0/riscv_core_I/Base.Core/Decode_I/jump_logic_I1/MB_MUXCY_EX_Jump2/Using_FPGA.Native_I2_2[0]                                                 | RISC_V_i/microblaze_riscv_0/U0/riscv_core_I/sync_reset                                                                                                  |                6 |             13 |         2.17 |
|  RISC_V_i/clk_wiz_1/inst/clk_out1                                                              | RISC_V_i/microblaze_riscv_0/U0/riscv_core_I/Base.Core/Use_Debug_Logic.Master_Core.Debug_Perf/Using_FPGA.Native[0]                                                        | RISC_V_i/microblaze_riscv_0/U0/riscv_core_I/sync_reset                                                                                                  |                3 |             14 |         4.67 |
|  RISC_V_i/clk_wiz_1/inst/clk_out1                                                              | RISC_V_i/microblaze_riscv_0/U0/riscv_core_I/Base.Core/Use_Debug_Logic.Master_Core.Debug_Perf/E[0]                                                                        | RISC_V_i/microblaze_riscv_0/U0/riscv_core_I/sync_reset                                                                                                  |                3 |             14 |         4.67 |
|  RISC_V_i/mdm_1/U0/MDM_Core_I1/JTAG_CONTROL_I/Test_Access_Port.BUFG_DRCK/Using_FPGA.Native_0   | RISC_V_i/mdm_1/U0/MDM_Core_I1/JTAG_CONTROL_I/dmistat15_out                                                                                                               |                                                                                                                                                         |                6 |             15 |         2.50 |
|  RISC_V_i/clk_wiz_1/inst/clk_out1                                                              | RISC_V_i/axi_gpio_switches/U0/AXI_LITE_IPIF_I/I_SLAVE_ATTACHMENT/I_DECODER/E[0]                                                                                          | RISC_V_i/axi_gpio_switches/U0/AXI_LITE_IPIF_I/I_SLAVE_ATTACHMENT/SR[0]                                                                                  |                8 |             16 |         2.00 |
|  RISC_V_i/clk_wiz_1/inst/clk_out1                                                              |                                                                                                                                                                          | RISC_V_i/axi_gpio_leds/U0/gpio_core_1/reg1[31]                                                                                                          |                2 |             16 |         8.00 |
|  RISC_V_i/clk_wiz_1/inst/clk_out1                                                              |                                                                                                                                                                          | RISC_V_i/axi_gpio_switches/U0/AXI_LITE_IPIF_I/I_SLAVE_ATTACHMENT/I_DECODER/bus2ip_rnw_i_reg                                                             |                5 |             16 |         3.20 |
|  RISC_V_i/clk_wiz_1/inst/clk_out1                                                              | RISC_V_i/microblaze_riscv_0/U0/riscv_core_I/Base.Core/Decode_I/mem_wait_on_ready_N_carry_or/MUXCY_I/lopt_1                                                               | RISC_V_i/microblaze_riscv_0/U0/riscv_core_I/sync_reset                                                                                                  |                8 |             17 |         2.12 |
|  RISC_V_i/clk_wiz_1/inst/clk_out1                                                              | RISC_V_i/axi_gpio_leds/U0/AXI_LITE_IPIF_I/I_SLAVE_ATTACHMENT/s_axi_rresp_i                                                                                               | RISC_V_i/axi_gpio_leds/U0/AXI_LITE_IPIF_I/I_SLAVE_ATTACHMENT/SR[0]                                                                                      |                4 |             17 |         4.25 |
|  RISC_V_i/clk_wiz_1/inst/clk_out1                                                              | RISC_V_i/axi_gpio_switches/U0/AXI_LITE_IPIF_I/I_SLAVE_ATTACHMENT/s_axi_rresp_i                                                                                           | RISC_V_i/axi_gpio_switches/U0/AXI_LITE_IPIF_I/I_SLAVE_ATTACHMENT/SR[0]                                                                                  |                4 |             17 |         4.25 |
|  RISC_V_i/clk_wiz_1/inst/clk_out1                                                              |                                                                                                                                                                          | RISC_V_i/axi_smc/inst/s00_entry_pipeline/s00_mmu/inst/areset                                                                                            |               11 |             18 |         1.64 |
|  RISC_V_i/mdm_1/U0/Use_JTAG_BSCAN.BUFG_JTAG_TCK/Use_JTAG_BSCAN.tck_int                         |                                                                                                                                                                          |                                                                                                                                                         |                5 |             18 |         3.60 |
|  RISC_V_i/mdm_1/U0/MDM_Core_I1/JTAG_CONTROL_I/Test_Access_Port.BUFG_UPDATE/Using_FPGA.Native_0 |                                                                                                                                                                          |                                                                                                                                                         |               11 |             20 |         1.82 |
|  RISC_V_i/clk_wiz_1/inst/clk_out1                                                              | RISC_V_i/microblaze_riscv_0/U0/riscv_core_I/Base.Core/Decode_I/Use_MuxCy[11].OF_Piperun_Stage/MUXCY_I/lopt_1                                                             | RISC_V_i/microblaze_riscv_0/U0/riscv_core_I/Base.Core/Decode_I/PreFetch_Buffer_I/INSTR_BUFFER_I1/SR[0]                                                  |                8 |             20 |         2.50 |
|  RISC_V_i/mdm_1/U0/Use_E2.BSCAN_I/tck_BUFG                                                     |                                                                                                                                                                          | RISC_V_i/mdm_1/U0/Use_E2.BSCAN_I/Use_JTAG_BSCAN.id_flag_reg                                                                                             |                5 |             21 |         4.20 |
|  RISC_V_i/clk_wiz_1/inst/clk_out1                                                              |                                                                                                                                                                          | RISC_V_i/microblaze_riscv_0/U0/riscv_core_I/Base.Core/Decode_I/Use_MuxCy[12].OF_Piperun_Stage/MUXCY_I/ex_cmul_op_i                                      |                9 |             25 |         2.78 |
|  RISC_V_i/clk_wiz_1/inst/clk_out1                                                              | RISC_V_i/axi_uartlite_0/U0/UARTLITE_CORE_I/BAUD_RATE_I/en_16x_Baud                                                                                                       | RISC_V_i/axi_uartlite_0/U0/UARTLITE_CORE_I/UARTLITE_RX_I/SR[0]                                                                                          |                6 |             28 |         4.67 |
|  RISC_V_i/clk_wiz_1/inst/clk_out1                                                              |                                                                                                                                                                          | RISC_V_i/axi_uartlite_0/U0/UARTLITE_CORE_I/UARTLITE_RX_I/SR[0]                                                                                          |               10 |             30 |         3.00 |
|  RISC_V_i/clk_wiz_1/inst/clk_out1                                                              | RISC_V_i/microblaze_riscv_0/U0/riscv_core_I/Base.Core/Decode_I/ex_Sel_CSR_i_reg[mtvec]_0[0]                                                                              | RISC_V_i/microblaze_riscv_0/U0/riscv_core_I/sync_reset                                                                                                  |               10 |             30 |         3.00 |
|  RISC_V_i/clk_wiz_1/inst/clk_out1                                                              | RISC_V_i/microblaze_riscv_0/U0/riscv_core_I/Base.Core/Decode_I/No_Short_Pipe_5.Using_FPGA.Gen_Bits[1].MEM_EX_Result_Inst/ex_Sel_CSR_i_reg[mepc][0]                       | RISC_V_i/microblaze_riscv_0/U0/riscv_core_I/sync_reset                                                                                                  |               10 |             30 |         3.00 |
|  RISC_V_i/clk_wiz_1/inst/clk_out1                                                              | RISC_V_i/microblaze_riscv_0/U0/riscv_core_I/Base.Core/Decode_I/ex_Sel_CSR_i_reg[mcycleh]_1[1]                                                                            | RISC_V_i/microblaze_riscv_0/U0/riscv_core_I/sync_reset                                                                                                  |               13 |             32 |         2.46 |
|  RISC_V_i/clk_wiz_1/inst/clk_out1                                                              | RISC_V_i/microblaze_riscv_0/U0/riscv_core_I/Base.Core/Decode_I/ex_Sel_CSR_i_reg[minstret]_1[1]                                                                           | RISC_V_i/microblaze_riscv_0/U0/riscv_core_I/sync_reset                                                                                                  |               11 |             32 |         2.91 |
|  RISC_V_i/clk_wiz_1/inst/clk_out1                                                              | RISC_V_i/microblaze_riscv_0/U0/riscv_core_I/Base.Core/Decode_I/ex_Sel_CSR_i_reg[mcycleh]_1[0]                                                                            | RISC_V_i/microblaze_riscv_0/U0/riscv_core_I/sync_reset                                                                                                  |               13 |             32 |         2.46 |
|  RISC_V_i/clk_wiz_1/inst/clk_out1                                                              |                                                                                                                                                                          | RISC_V_i/axi_gpio_leds/U0/AXI_LITE_IPIF_I/I_SLAVE_ATTACHMENT/SR[0]                                                                                      |               12 |             32 |         2.67 |
|  RISC_V_i/mdm_1/U0/MDM_Core_I1/JTAG_CONTROL_I/Test_Access_Port.BUFG_UPDATE/Using_FPGA.Native_0 | RISC_V_i/microblaze_riscv_0/U0/riscv_core_I/Base.Core/Use_Debug_Logic.Master_Core.Debug_Perf/data0_write_reg0                                                            |                                                                                                                                                         |                6 |             32 |         5.33 |
|  RISC_V_i/clk_wiz_1/inst/clk_out1                                                              | RISC_V_i/microblaze_riscv_0/U0/riscv_core_I/Base.Core/Use_Debug_Logic.Master_Core.Debug_Perf/register_read_cmd                                                           | RISC_V_i/microblaze_riscv_0/U0/riscv_core_I/sync_reset                                                                                                  |               16 |             32 |         2.00 |
|  RISC_V_i/clk_wiz_1/inst/clk_out1                                                              | RISC_V_i/microblaze_riscv_0/U0/riscv_core_I/Base.Core/Decode_I/Use_MuxCy[11].OF_Piperun_Stage/MUXCY_I/lopt_4                                                             | RISC_V_i/microblaze_riscv_0/U0/riscv_core_I/sync_reset                                                                                                  |                8 |             32 |         4.00 |
|  RISC_V_i/clk_wiz_1/inst/clk_out1                                                              | RISC_V_i/microblaze_riscv_0/U0/riscv_core_I/Base.Core/Decode_I/Use_MuxCy[3].OF_Piperun_Stage/MUXCY_I/lopt_4                                                              |                                                                                                                                                         |               10 |             32 |         3.20 |
|  RISC_V_i/clk_wiz_1/inst/clk_out1                                                              | RISC_V_i/axi_smc/inst/s00_entry_pipeline/s00_mmu/inst/gen_endpoint.decerr_slave_inst/s_axi_rvalid                                                                        | RISC_V_i/microblaze_riscv_0/U0/riscv_core_I/sync_reset                                                                                                  |                8 |             32 |         4.00 |
|  RISC_V_i/clk_wiz_1/inst/clk_out1                                                              |                                                                                                                                                                          | RISC_V_i/axi_gpio_switches/U0/AXI_LITE_IPIF_I/I_SLAVE_ATTACHMENT/SR[0]                                                                                  |               11 |             32 |         2.91 |
|  RISC_V_i/clk_wiz_1/inst/clk_out1                                                              | RISC_V_i/axi_gpio_leds/U0/AXI_LITE_IPIF_I/I_SLAVE_ATTACHMENT/I_DECODER/E[0]                                                                                              | RISC_V_i/axi_gpio_leds/U0/AXI_LITE_IPIF_I/I_SLAVE_ATTACHMENT/SR[0]                                                                                      |                6 |             32 |         5.33 |
|  RISC_V_i/mdm_1/U0/MDM_Core_I1/JTAG_CONTROL_I/Test_Access_Port.BUFG_UPDATE/Using_FPGA.Native_0 | RISC_V_i/microblaze_riscv_0/U0/riscv_core_I/Base.Core/Use_Debug_Logic.Master_Core.Debug_Perf/progbuf0_reg0                                                               |                                                                                                                                                         |                8 |             32 |         4.00 |
|  RISC_V_i/clk_wiz_1/inst/clk_out1                                                              | RISC_V_i/microblaze_riscv_0/U0/riscv_core_I/Base.Core/Decode_I/ex_Sel_CSR_i_reg[tdata2]_0[0]                                                                             | RISC_V_i/microblaze_riscv_0/U0/riscv_core_I/sync_reset                                                                                                  |                9 |             32 |         3.56 |
|  RISC_V_i/clk_wiz_1/inst/clk_out1                                                              | RISC_V_i/microblaze_riscv_0/U0/riscv_core_I/Base.Core/Decode_I/mem_wait_on_ready_N_carry_or/MUXCY_I/lopt_1                                                               | RISC_V_i/microblaze_riscv_0/U0/riscv_core_I/Base.Core/Data_Flow_Logic_I/WB_MEM_Result0                                                                  |                6 |             32 |         5.33 |
|  RISC_V_i/clk_wiz_1/inst/clk_out1                                                              | RISC_V_i/microblaze_riscv_0/U0/riscv_core_I/Base.Core/Decode_I/ex_Sel_CSR_i_reg[mscratch]_0[0]                                                                           | RISC_V_i/microblaze_riscv_0/U0/riscv_core_I/sync_reset                                                                                                  |               14 |             32 |         2.29 |
|  RISC_V_i/clk_wiz_1/inst/clk_out1                                                              | RISC_V_i/microblaze_riscv_0/U0/riscv_core_I/Base.Core/Decode_I/ex_Sel_CSR_i_reg[minstret]_1[0]                                                                           | RISC_V_i/microblaze_riscv_0/U0/riscv_core_I/sync_reset                                                                                                  |               10 |             32 |         3.20 |
|  RISC_V_i/clk_wiz_1/inst/clk_out1                                                              | RISC_V_i/microblaze_riscv_0/U0/riscv_core_I/Base.Core/Decode_I/No_Short_Pipe_5.Using_FPGA.Gen_Bits[1].MEM_EX_Result_Inst/ex_Sel_CSR_i_reg[mtval][0]                      | RISC_V_i/microblaze_riscv_0/U0/riscv_core_I/sync_reset                                                                                                  |               19 |             32 |         1.68 |
|  RISC_V_i/clk_wiz_1/inst/clk_out1                                                              | RISC_V_i/microblaze_riscv_0/U0/riscv_core_I/Base.Core/Decode_I/ex_Sel_CSR_i_reg[dpc]_0[0]                                                                                | RISC_V_i/microblaze_riscv_0/U0/riscv_core_I/sync_reset                                                                                                  |                9 |             32 |         3.56 |
|  RISC_V_i/clk_wiz_1/inst/clk_out1                                                              | RISC_V_i/axi_smc/inst/switchboards/i_nodes/i_r_node/inst/inst_mi_handler/gen_normal_area.gen_fi_regulator.inst_fi_regulator/E[0]                                         |                                                                                                                                                         |               11 |             34 |         3.09 |
|  RISC_V_i/clk_wiz_1/inst/clk_out1                                                              | RISC_V_i/axi_smc/inst/switchboards/i_nodes/i_w_node/inst/inst_mi_handler/gen_normal_area.inst_fifo_node_payld/gen_reg_fifo.inst_reg_fifo/gen_single_rank.inst_cntr/E[0]  |                                                                                                                                                         |                8 |             35 |         4.38 |
|  RISC_V_i/mdm_1/U0/MDM_Core_I1/JTAG_CONTROL_I/Test_Access_Port.BUFG_DRCK/Using_FPGA.Native_0   | RISC_V_i/mdm_1/U0/MDM_Core_I1/JTAG_CONTROL_I/dmcontrol_read_2                                                                                                            |                                                                                                                                                         |                7 |             40 |         5.71 |
|  RISC_V_i/mdm_1/U0/MDM_Core_I1/JTAG_CONTROL_I/Test_Access_Port.BUFG_DRCK/Using_FPGA.Native_0   | RISC_V_i/mdm_1/U0/MDM_Core_I1/JTAG_CONTROL_I/Test_Access_Port.capture_dtm_reg_0                                                                                          |                                                                                                                                                         |               16 |             42 |         2.62 |
|  RISC_V_i/clk_wiz_1/inst/clk_out1                                                              | RISC_V_i/microblaze_riscv_0/U0/riscv_core_I/Base.Core/Use_Debug_Logic.Master_Core.Debug_Perf/s2b                                                                         |                                                                                                                                                         |                6 |             45 |         7.50 |
|  RISC_V_i/mdm_1/U0/MDM_Core_I1/JTAG_CONTROL_I/Test_Access_Port.BUFG_DRCK/Using_FPGA.Native_0   | RISC_V_i/mdm_1/U0/MDM_Core_I1/JTAG_CONTROL_I/Test_Access_Port.idcode_3                                                                                                   |                                                                                                                                                         |                7 |             46 |         6.57 |
|  RISC_V_i/mdm_1/U0/MDM_Core_I1/JTAG_CONTROL_I/Test_Access_Port.BUFG_DRCK/Using_FPGA.Native_0   |                                                                                                                                                                          |                                                                                                                                                         |               25 |             59 |         2.36 |
|  RISC_V_i/clk_wiz_1/inst/clk_out1                                                              | RISC_V_i/microblaze_riscv_0/U0/riscv_core_I/Base.Core/Decode_I/Use_MuxCy[3].OF_Piperun_Stage/MUXCY_I/lopt_4                                                              | RISC_V_i/microblaze_riscv_0/U0/riscv_core_I/sync_reset                                                                                                  |               45 |            116 |         2.58 |
|  RISC_V_i/clk_wiz_1/inst/clk_out1                                                              | RISC_V_i/microblaze_riscv_0/U0/riscv_core_I/Base.Core/Decode_I/Serial_Dbg_Intf.register_write_cmd_reg                                                                    |                                                                                                                                                         |               16 |            128 |         8.00 |
|  RISC_V_i/clk_wiz_1/inst/clk_out1                                                              |                                                                                                                                                                          | RISC_V_i/microblaze_riscv_0/U0/riscv_core_I/sync_reset                                                                                                  |               43 |            132 |         3.07 |
|  RISC_V_i/clk_wiz_1/inst/clk_out1                                                              | RISC_V_i/microblaze_riscv_0/U0/riscv_core_I/Base.Core/Decode_I/Use_MuxCy[11].OF_Piperun_Stage/MUXCY_I/lopt_1                                                             | RISC_V_i/microblaze_riscv_0/U0/riscv_core_I/sync_reset                                                                                                  |               81 |            190 |         2.35 |
|  RISC_V_i/clk_wiz_1/inst/clk_out1                                                              |                                                                                                                                                                          |                                                                                                                                                         |              104 |            324 |         3.12 |
+------------------------------------------------------------------------------------------------+--------------------------------------------------------------------------------------------------------------------------------------------------------------------------+---------------------------------------------------------------------------------------------------------------------------------------------------------+------------------+----------------+--------------+


