Copyright 1986-2022 Xilinx, Inc. All Rights Reserved. Copyright 2022-2025 Advanced Micro Devices, Inc. All Rights Reserved.
---------------------------------------------------------------------------------------------------------------------------------------------
| Tool Version : Vivado v.2025.1 (win64) Build 6140274 Thu May 22 00:12:29 MDT 2025
| Date         : Fri Nov 28 14:09:09 2025
| Host         : ThinkpadP1_Liam running 64-bit major release  (build 9200)
| Command      : report_control_sets -verbose -file top_ov7670_vga_control_sets_placed.rpt
| Design       : top_ov7670_vga
| Device       : xc7a100t
---------------------------------------------------------------------------------------------------------------------------------------------

Control Set Information

Table of Contents
-----------------
1. Summary
2. Histogram
3. Flip-Flop Distribution
4. Detailed Control Set Information

1. Summary
----------

+----------------------------------------------------------+-------+
|                          Status                          | Count |
+----------------------------------------------------------+-------+
| Total control sets                                       |     7 |
|    Minimum number of control sets                        |     7 |
|    Addition due to synthesis replication                 |     0 |
|    Addition due to physical synthesis replication        |     0 |
| Unused register locations in slices containing registers |    30 |
+----------------------------------------------------------+-------+
* Control sets can be merged at opt_design using control_set_merge or merge_equivalent_drivers
** Run report_qor_suggestions for automated merging and remapping suggestions


2. Histogram
------------

+--------------------+-------+
|       Fanout       | Count |
+--------------------+-------+
| Total control sets |     7 |
| >= 0 to < 4        |     1 |
| >= 4 to < 6        |     1 |
| >= 6 to < 8        |     0 |
| >= 8 to < 10       |     0 |
| >= 10 to < 12      |     2 |
| >= 12 to < 14      |     1 |
| >= 14 to < 16      |     0 |
| >= 16              |     2 |
+--------------------+-------+
* Control sets can be remapped at either synth_design or opt_design


3. Flip-Flop Distribution
-------------------------

+--------------+-----------------------+------------------------+-----------------+--------------+
| Clock Enable | Synchronous Set/Reset | Asynchronous Set/Reset | Total Registers | Total Slices |
+--------------+-----------------------+------------------------+-----------------+--------------+
| No           | No                    | No                     |              19 |            9 |
| No           | No                    | Yes                    |              10 |            3 |
| No           | Yes                   | No                     |              12 |            9 |
| Yes          | No                    | No                     |               4 |            4 |
| Yes          | No                    | Yes                    |              10 |            3 |
| Yes          | Yes                   | No                     |              19 |            5 |
+--------------+-----------------------+------------------------+-----------------+--------------+


4. Detailed Control Set Information
-----------------------------------

+----------------------+-----------------------------+------------------+------------------+----------------+--------------+
|     Clock Signal     |        Enable Signal        | Set/Reset Signal | Slice Load Count | Bel Load Count | Bels / Slice |
+----------------------+-----------------------------+------------------+------------------+----------------+--------------+
| ~OV_PCLK_IBUF        |                             |                  |                3 |              3 |         1.00 |
| ~OV_PCLK_IBUF        | u_cap/pixel_reg[11]_i_1_n_0 |                  |                4 |              4 |         1.00 |
|  u_clk/inst/clk_out1 |                             | u_vga_i_1_n_0    |                3 |             10 |         3.33 |
|  u_clk/inst/clk_out1 | u_vga/v_cnt[9]_i_1_n_0      | u_vga_i_1_n_0    |                3 |             10 |         3.33 |
|  u_clk/inst/clk_out1 |                             | VGA_R[3]_i_1_n_0 |                9 |             12 |         1.33 |
|  u_clk/inst/clk_out1 |                             |                  |                6 |             16 |         2.67 |
| ~OV_PCLK_IBUF        | u_cap/addr_reg              | u_cap/vsync_d    |                5 |             19 |         3.80 |
+----------------------+-----------------------------+------------------+------------------+----------------+--------------+


