#-----------------------------------------------------------
# Vivado v2025.1 (64-bit)
# SW Build 6140274 on Thu May 22 00:12:29 MDT 2025
# IP Build 6138677 on Thu May 22 03:10:11 MDT 2025
# SharedData Build 6139179 on Tue May 20 17:58:58 MDT 2025
# Start of session at: Fri Dec 12 14:32:55 2025
# Process ID         : 10360
# Current directory  : C:/Users/yoric/OneDrive/Documenten/GitHub/KBSCE-Plotter/Vivado/KBSCE-Plotter.runs/impl_1
# Command line       : vivado.exe -log NexysA7_Top.vdi -applog -product Vivado -messageDb vivado.pb -mode batch -source NexysA7_Top.tcl -notrace
# Log file           : C:/Users/yoric/OneDrive/Documenten/GitHub/KBSCE-Plotter/Vivado/KBSCE-Plotter.runs/impl_1/NexysA7_Top.vdi
# Journal file       : C:/Users/yoric/OneDrive/Documenten/GitHub/KBSCE-Plotter/Vivado/KBSCE-Plotter.runs/impl_1\vivado.jou
# Running On         : DESKTOP-H6STBOR
# Platform           : Windows Server 2016 or Windows 10
# Operating System   : 19045
# Processor Detail   : Intel(R) Core(TM) i7-8565U CPU @ 1.80GHz
# CPU Frequency      : 1992 MHz
# CPU Physical cores : 4
# CPU Logical cores  : 8
# Host memory        : 17061 MB
# Swap memory        : 2550 MB
# Total Virtual      : 19611 MB
# Available Virtual  : 5428 MB
#-----------------------------------------------------------
source NexysA7_Top.tcl -notrace
