#-----------------------------------------------------------
# Vivado v2025.1 (64-bit)
# SW Build 6140274 on Wed May 21 22:58:25 MDT 2025
# IP Build 6138677 on Thu May 22 03:10:11 MDT 2025
# SharedData Build 6139179 on Tue May 20 17:58:58 MDT 2025
# Start of session at: Fri Dec 19 10:50:41 2025
# Process ID         : 10353
# Current directory  : /home/maartenvk/src/KBSCE-Plotter/Vivado/KBSCE-Plotter.runs/impl_1
# Command line       : vivado -log NexysA7_Top.vdi -applog -product Vivado -messageDb vivado.pb -mode batch -source NexysA7_Top.tcl -notrace
# Log file           : /home/maartenvk/src/KBSCE-Plotter/Vivado/KBSCE-Plotter.runs/impl_1/NexysA7_Top.vdi
# Journal file       : /home/maartenvk/src/KBSCE-Plotter/Vivado/KBSCE-Plotter.runs/impl_1/vivado.jou
# Running On         : mrt-fed-lap
# Platform           : unknown
# Operating System   : unknown
# Processor Detail   : AMD Ryzen 7 5700U with Radeon Graphics
# CPU Frequency      : 1114.905 MHz
# CPU Physical cores : 8
# CPU Logical cores  : 16
# Host memory        : 16037 MB
# Swap memory        : 8589 MB
# Total Virtual      : 24627 MB
# Available Virtual  : 20273 MB
#-----------------------------------------------------------
source NexysA7_Top.tcl -notrace
