#-----------------------------------------------------------
# Vivado v2025.1 (64-bit)
# SW Build 6140274 on Thu May 22 00:12:29 MDT 2025
# IP Build 6138677 on Thu May 22 03:10:11 MDT 2025
# SharedData Build 6139179 on Tue May 20 17:58:58 MDT 2025
# Start of session at: Fri Nov 28 10:50:45 2025
# Process ID         : 25984
# Current directory  : C:/VHDL_Projects/camera_to_vga/camera_to_vga.runs/impl_1
# Command line       : vivado.exe -log top_ov7670_vga.vdi -applog -product Vivado -messageDb vivado.pb -mode batch -source top_ov7670_vga.tcl -notrace
# Log file           : C:/VHDL_Projects/camera_to_vga/camera_to_vga.runs/impl_1/top_ov7670_vga.vdi
# Journal file       : C:/VHDL_Projects/camera_to_vga/camera_to_vga.runs/impl_1\vivado.jou
# Running On         : ThinkpadP1_Liam
# Platform           : Windows Server 2016 or Windows 10
# Operating System   : 26100
# Processor Detail   : Intel(R) Core(TM) i7-10750H CPU @ 2.60GHz
# CPU Frequency      : 2592 MHz
# CPU Physical cores : 6
# CPU Logical cores  : 12
# Host memory        : 34174 MB
# Swap memory        : 5100 MB
# Total Virtual      : 39274 MB
# Available Virtual  : 20423 MB
#-----------------------------------------------------------
source top_ov7670_vga.tcl -notrace
