
*** Running vivado
    with args -log top_ov7670_vga.vds -m64 -product Vivado -mode batch -messageDb vivado.pb -notrace -source top_ov7670_vga.tcl



****** Vivado v2025.1 (64-bit)
  **** SW Build 6140274 on Thu May 22 00:12:29 MDT 2025
  **** IP Build 6138677 on Thu May 22 03:10:11 MDT 2025
  **** SharedData Build 6139179 on Tue May 20 17:58:58 MDT 2025
  **** Start of session at: Fri Nov 28 14:07:36 2025
    ** Copyright 1986-2022 Xilinx, Inc. All Rights Reserved.
    ** Copyright 2022-2025 Advanced Micro Devices, Inc. All Rights Reserved.

source top_ov7670_vga.tcl -notrace
create_project: Time (s): cpu = 00:00:08 ; elapsed = 00:00:06 . Memory (MB): peak = 489.469 ; gain = 207.203
Command: read_checkpoint -auto_incremental -incremental C:/VHDL_Projects/camera_to_vga/camera_to_vga.srcs/utils_1/imports/synth_1/top_ov7670_vga.dcp
INFO: [Vivado 12-5825] Read reference checkpoint from C:/VHDL_Projects/camera_to_vga/camera_to_vga.srcs/utils_1/imports/synth_1/top_ov7670_vga.dcp for incremental synthesis
INFO: [Vivado 12-7989] Please ensure there are no constraint changes
Command: synth_design -top top_ov7670_vga -part xc7a100tcsg324-1 -flatten_hierarchy none -directive RuntimeOptimized -fsm_extraction off
Starting synth_design
Attempting to get a license for feature 'Synthesis' and/or device 'xc7a100t'
INFO: [Common 17-349] Got license for feature 'Synthesis' and/or device 'xc7a100t'
INFO: [Device 21-403] Loading part xc7a100tcsg324-1
INFO: [Designutils 20-5440] No compile time benefit to using incremental synthesis; A full resynthesis will be run
INFO: [Designutils 20-4379] Flow is switching to default flow due to incremental criteria not met. If you would like to alter this behaviour and have the flow terminate instead, please set the following parameter config_implementation {autoIncr.Synth.RejectBehavior Terminate}
INFO: [Synth 8-7079] Multithreading enabled for synth_design using a maximum of 2 processes.
INFO: [Synth 8-7078] Launching helper process for spawning children vivado processes
INFO: [Synth 8-7075] Helper process launched with PID 25988
---------------------------------------------------------------------------------
Starting RTL Elaboration : Time (s): cpu = 00:00:05 ; elapsed = 00:00:06 . Memory (MB): peak = 1206.078 ; gain = 495.691
---------------------------------------------------------------------------------
WARNING: [Synth 8-9112] actual for formal port 'wea' is neither a static name nor a globally static expression [C:/VHDL_Projects/camera_to_vga/camera_to_vga.srcs/sources_1/imports/ov7670_vhdl_full_project/top_ov7670_vga.vhd:185]
INFO: [Synth 8-638] synthesizing module 'top_ov7670_vga' [C:/VHDL_Projects/camera_to_vga/camera_to_vga.srcs/sources_1/imports/ov7670_vhdl_full_project/top_ov7670_vga.vhd:36]
INFO: [Synth 8-3491] module 'clk_wiz_0' declared at 'C:/VHDL_Projects/camera_to_vga/camera_to_vga.runs/synth_1/.Xil/Vivado-25732-ThinkpadP1_Liam/realtime/clk_wiz_0_stub.v:6' bound to instance 'u_clk' of component 'clk_wiz_0' [C:/VHDL_Projects/camera_to_vga/camera_to_vga.srcs/sources_1/imports/ov7670_vhdl_full_project/top_ov7670_vga.vhd:132]
INFO: [Synth 8-6157] synthesizing module 'clk_wiz_0' [C:/VHDL_Projects/camera_to_vga/camera_to_vga.runs/synth_1/.Xil/Vivado-25732-ThinkpadP1_Liam/realtime/clk_wiz_0_stub.v:6]
INFO: [Synth 8-6155] done synthesizing module 'clk_wiz_0' (0#1) [C:/VHDL_Projects/camera_to_vga/camera_to_vga.runs/synth_1/.Xil/Vivado-25732-ThinkpadP1_Liam/realtime/clk_wiz_0_stub.v:6]
INFO: [Synth 8-3491] module 'ov7670_capture' declared at 'C:/VHDL_Projects/camera_to_vga/camera_to_vga.srcs/sources_1/imports/ov7670_vhdl_full_project/ov7670_capture.vhd:5' bound to instance 'u_cap' of component 'ov7670_capture' [C:/VHDL_Projects/camera_to_vga/camera_to_vga.srcs/sources_1/imports/ov7670_vhdl_full_project/top_ov7670_vga.vhd:153]
INFO: [Synth 8-638] synthesizing module 'ov7670_capture' [C:/VHDL_Projects/camera_to_vga/camera_to_vga.srcs/sources_1/imports/ov7670_vhdl_full_project/ov7670_capture.vhd:18]
INFO: [Synth 8-256] done synthesizing module 'ov7670_capture' (0#1) [C:/VHDL_Projects/camera_to_vga/camera_to_vga.srcs/sources_1/imports/ov7670_vhdl_full_project/ov7670_capture.vhd:18]
INFO: [Synth 8-3491] module 'vga_sync' declared at 'C:/VHDL_Projects/camera_to_vga/camera_to_vga.srcs/sources_1/imports/ov7670_vhdl_full_project/vga_sync.vhd:5' bound to instance 'u_vga' of component 'vga_sync' [C:/VHDL_Projects/camera_to_vga/camera_to_vga.srcs/sources_1/imports/ov7670_vhdl_full_project/top_ov7670_vga.vhd:167]
INFO: [Synth 8-638] synthesizing module 'vga_sync' [C:/VHDL_Projects/camera_to_vga/camera_to_vga.srcs/sources_1/imports/ov7670_vhdl_full_project/vga_sync.vhd:17]
INFO: [Synth 8-256] done synthesizing module 'vga_sync' (0#1) [C:/VHDL_Projects/camera_to_vga/camera_to_vga.srcs/sources_1/imports/ov7670_vhdl_full_project/vga_sync.vhd:17]
INFO: [Synth 8-3491] module 'frame_buffer' declared at 'C:/VHDL_Projects/camera_to_vga/camera_to_vga.runs/synth_1/.Xil/Vivado-25732-ThinkpadP1_Liam/realtime/frame_buffer_stub.v:6' bound to instance 'u_fb' of component 'frame_buffer' [C:/VHDL_Projects/camera_to_vga/camera_to_vga.srcs/sources_1/imports/ov7670_vhdl_full_project/top_ov7670_vga.vhd:181]
INFO: [Synth 8-6157] synthesizing module 'frame_buffer' [C:/VHDL_Projects/camera_to_vga/camera_to_vga.runs/synth_1/.Xil/Vivado-25732-ThinkpadP1_Liam/realtime/frame_buffer_stub.v:6]
INFO: [Synth 8-6155] done synthesizing module 'frame_buffer' (0#1) [C:/VHDL_Projects/camera_to_vga/camera_to_vga.runs/synth_1/.Xil/Vivado-25732-ThinkpadP1_Liam/realtime/frame_buffer_stub.v:6]
INFO: [Synth 8-256] done synthesizing module 'top_ov7670_vga' (0#1) [C:/VHDL_Projects/camera_to_vga/camera_to_vga.srcs/sources_1/imports/ov7670_vhdl_full_project/top_ov7670_vga.vhd:36]
WARNING: [Synth 8-6014] Unused sequential element y0_reg was removed.  [C:/VHDL_Projects/camera_to_vga/camera_to_vga.srcs/sources_1/imports/ov7670_vhdl_full_project/ov7670_capture.vhd:52]
WARNING: [Synth 8-3917] design top_ov7670_vga has port OV_PWDN driven by constant 0
WARNING: [Synth 8-3917] design top_ov7670_vga has port OV_RESET driven by constant 1
WARNING: [Synth 8-7129] Port d[3] in module ov7670_capture is either unconnected or has no load
WARNING: [Synth 8-7129] Port d[2] in module ov7670_capture is either unconnected or has no load
WARNING: [Synth 8-7129] Port d[1] in module ov7670_capture is either unconnected or has no load
WARNING: [Synth 8-7129] Port d[0] in module ov7670_capture is either unconnected or has no load
WARNING: [Synth 8-7129] Port OV_SIOC in module top_ov7670_vga is either unconnected or has no load
WARNING: [Synth 8-7129] Port OV_SIOD in module top_ov7670_vga is either unconnected or has no load
---------------------------------------------------------------------------------
Finished RTL Elaboration : Time (s): cpu = 00:00:06 ; elapsed = 00:00:07 . Memory (MB): peak = 1317.082 ; gain = 606.695
---------------------------------------------------------------------------------
---------------------------------------------------------------------------------
Start Handling Custom Attributes
---------------------------------------------------------------------------------
---------------------------------------------------------------------------------
Finished Handling Custom Attributes : Time (s): cpu = 00:00:07 ; elapsed = 00:00:07 . Memory (MB): peak = 1317.082 ; gain = 606.695
---------------------------------------------------------------------------------
---------------------------------------------------------------------------------
Finished RTL Optimization Phase 1 : Time (s): cpu = 00:00:07 ; elapsed = 00:00:07 . Memory (MB): peak = 1317.082 ; gain = 606.695
---------------------------------------------------------------------------------
Netlist sorting complete. Time (s): cpu = 00:00:00 ; elapsed = 00:00:00.002 . Memory (MB): peak = 1317.082 ; gain = 0.000
INFO: [Project 1-570] Preparing netlist for logic optimization

Processing XDC Constraints
Initializing timing engine
Parsing XDC File [c:/VHDL_Projects/camera_to_vga/camera_to_vga.gen/sources_1/ip/clk_wiz_0/clk_wiz_0/clk_wiz_0_in_context.xdc] for cell 'u_clk'
Finished Parsing XDC File [c:/VHDL_Projects/camera_to_vga/camera_to_vga.gen/sources_1/ip/clk_wiz_0/clk_wiz_0/clk_wiz_0_in_context.xdc] for cell 'u_clk'
Parsing XDC File [c:/VHDL_Projects/camera_to_vga/camera_to_vga.gen/sources_1/ip/frame_buffer/frame_buffer/frame_buffer_in_context.xdc] for cell 'u_fb'
Finished Parsing XDC File [c:/VHDL_Projects/camera_to_vga/camera_to_vga.gen/sources_1/ip/frame_buffer/frame_buffer/frame_buffer_in_context.xdc] for cell 'u_fb'
Parsing XDC File [C:/VHDL_Projects/camera_to_vga/camera_to_vga.srcs/constrs_1/imports/VHDL_Projects/Nexys-A7-100T-Master.xdc]
Finished Parsing XDC File [C:/VHDL_Projects/camera_to_vga/camera_to_vga.srcs/constrs_1/imports/VHDL_Projects/Nexys-A7-100T-Master.xdc]
INFO: [Project 1-236] Implementation specific constraints were found while reading constraint file [C:/VHDL_Projects/camera_to_vga/camera_to_vga.srcs/constrs_1/imports/VHDL_Projects/Nexys-A7-100T-Master.xdc]. These constraints will be ignored for synthesis but will be used in implementation. Impacted constraints are listed in the file [.Xil/top_ov7670_vga_propImpl.xdc].
Resolution: To avoid this warning, move constraints listed in [.Xil/top_ov7670_vga_propImpl.xdc] to another XDC file and exclude this new file from synthesis with the used_in_synthesis property (File Properties dialog in GUI) and re-run elaboration/synthesis.
Parsing XDC File [C:/VHDL_Projects/camera_to_vga/camera_to_vga.runs/synth_1/dont_touch.xdc]
Finished Parsing XDC File [C:/VHDL_Projects/camera_to_vga/camera_to_vga.runs/synth_1/dont_touch.xdc]
Completed Processing XDC Constraints

Netlist sorting complete. Time (s): cpu = 00:00:00 ; elapsed = 00:00:00 . Memory (MB): peak = 1382.410 ; gain = 0.000
INFO: [Project 1-111] Unisim Transformation Summary:
No Unisim elements were transformed.

Constraint Validation Runtime : Time (s): cpu = 00:00:00 ; elapsed = 00:00:00.004 . Memory (MB): peak = 1382.410 ; gain = 0.000
INFO: [Designutils 20-5440] No compile time benefit to using incremental synthesis; A full resynthesis will be run
INFO: [Designutils 20-4379] Flow is switching to default flow due to incremental criteria not met. If you would like to alter this behaviour and have the flow terminate instead, please set the following parameter config_implementation {autoIncr.Synth.RejectBehavior Terminate}
---------------------------------------------------------------------------------
Finished Constraint Validation : Time (s): cpu = 00:00:14 ; elapsed = 00:00:15 . Memory (MB): peak = 1382.410 ; gain = 672.023
---------------------------------------------------------------------------------
---------------------------------------------------------------------------------
Start Loading Part and Timing Information
---------------------------------------------------------------------------------
Loading part: xc7a100tcsg324-1
---------------------------------------------------------------------------------
Finished Loading Part and Timing Information : Time (s): cpu = 00:00:14 ; elapsed = 00:00:15 . Memory (MB): peak = 1382.410 ; gain = 672.023
---------------------------------------------------------------------------------
---------------------------------------------------------------------------------
Start Applying 'set_property' XDC Constraints
---------------------------------------------------------------------------------
---------------------------------------------------------------------------------
Finished applying 'set_property' XDC Constraints : Time (s): cpu = 00:00:14 ; elapsed = 00:00:15 . Memory (MB): peak = 1382.410 ; gain = 672.023
---------------------------------------------------------------------------------
---------------------------------------------------------------------------------
Finished RTL Optimization Phase 2 : Time (s): cpu = 00:00:15 ; elapsed = 00:00:16 . Memory (MB): peak = 1382.410 ; gain = 672.023
---------------------------------------------------------------------------------
---------------------------------------------------------------------------------
Start RTL Component Statistics 
---------------------------------------------------------------------------------
Detailed RTL Component Info : 
+---Adders : 
	   2 Input   10 Bit       Adders := 2     
+---Registers : 
	               12 Bit    Registers := 1     
	               10 Bit    Registers := 2     
	                4 Bit    Registers := 3     
	                2 Bit    Registers := 1     
	                1 Bit    Registers := 5     
+---Muxes : 
	   2 Input   19 Bit        Muxes := 1     
	   2 Input    4 Bit        Muxes := 3     
	   4 Input    2 Bit        Muxes := 1     
	   2 Input    1 Bit        Muxes := 2     
	   4 Input    1 Bit        Muxes := 2     
---------------------------------------------------------------------------------
Finished RTL Component Statistics 
---------------------------------------------------------------------------------
---------------------------------------------------------------------------------
Start Part Resource Summary
---------------------------------------------------------------------------------
Part Resources:
DSPs: 240 (col length:80)
BRAMs: 270 (col length: RAMB18 80 RAMB36 40)
---------------------------------------------------------------------------------
Finished Part Resource Summary
---------------------------------------------------------------------------------
---------------------------------------------------------------------------------
Start Cross Boundary and Area Optimization
---------------------------------------------------------------------------------
WARNING: [Synth 8-7080] Parallel synthesis criteria is not met
---------------------------------------------------------------------------------
Finished Cross Boundary and Area Optimization : Time (s): cpu = 00:00:17 ; elapsed = 00:00:18 . Memory (MB): peak = 1382.410 ; gain = 672.023
---------------------------------------------------------------------------------
---------------------------------------------------------------------------------
Start Applying XDC Timing Constraints
---------------------------------------------------------------------------------
---------------------------------------------------------------------------------
Finished Applying XDC Timing Constraints : Time (s): cpu = 00:00:25 ; elapsed = 00:00:26 . Memory (MB): peak = 1565.953 ; gain = 855.566
---------------------------------------------------------------------------------
---------------------------------------------------------------------------------
Start Technology Mapping
---------------------------------------------------------------------------------
---------------------------------------------------------------------------------
Finished Technology Mapping : Time (s): cpu = 00:00:25 ; elapsed = 00:00:26 . Memory (MB): peak = 1585.891 ; gain = 875.504
---------------------------------------------------------------------------------
---------------------------------------------------------------------------------
Start IO Insertion
---------------------------------------------------------------------------------
---------------------------------------------------------------------------------
Start Final Netlist Cleanup
---------------------------------------------------------------------------------
---------------------------------------------------------------------------------
Finished Final Netlist Cleanup
---------------------------------------------------------------------------------
---------------------------------------------------------------------------------
Finished IO Insertion : Time (s): cpu = 00:00:29 ; elapsed = 00:00:30 . Memory (MB): peak = 1810.543 ; gain = 1100.156
---------------------------------------------------------------------------------
---------------------------------------------------------------------------------
Start Renaming Generated Instances
---------------------------------------------------------------------------------
---------------------------------------------------------------------------------
Finished Renaming Generated Instances : Time (s): cpu = 00:00:29 ; elapsed = 00:00:30 . Memory (MB): peak = 1810.543 ; gain = 1100.156
---------------------------------------------------------------------------------
---------------------------------------------------------------------------------
Start Handling Custom Attributes
---------------------------------------------------------------------------------
---------------------------------------------------------------------------------
Finished Handling Custom Attributes : Time (s): cpu = 00:00:29 ; elapsed = 00:00:30 . Memory (MB): peak = 1810.543 ; gain = 1100.156
---------------------------------------------------------------------------------
---------------------------------------------------------------------------------
Start Writing Synthesis Report
---------------------------------------------------------------------------------

DSP Final Report (the ' indicates corresponding REG is set)
+---------------+-------------+--------+--------+--------+--------+--------+------+------+------+------+-------+------+------+
|Module Name    | DSP Mapping | A Size | B Size | C Size | D Size | P Size | AREG | BREG | CREG | DREG | ADREG | MREG | PREG | 
+---------------+-------------+--------+--------+--------+--------+--------+------+------+------+------+-------+------+------+
|top_ov7670_vga | C+A*B       | 10     | 10     | 10     | -      | 19     | 0    | 0    | 0    | -    | -     | 0    | 0    | 
+---------------+-------------+--------+--------+--------+--------+--------+------+------+------+------+-------+------+------+


Report BlackBoxes: 
+------+--------------+----------+
|      |BlackBox name |Instances |
+------+--------------+----------+
|1     |clk_wiz_0     |         1|
|2     |frame_buffer  |         1|
+------+--------------+----------+

Report Cell Usage: 
+------+-------------+------+
|      |Cell         |Count |
+------+-------------+------+
|1     |clk_wiz      |     1|
|2     |frame_buffer |     1|
|3     |CARRY4       |    15|
|4     |DSP48E1      |     1|
|5     |LUT1         |    12|
|6     |LUT2         |    47|
|7     |LUT3         |     5|
|8     |LUT4         |     4|
|9     |LUT5         |    29|
|10    |LUT6         |    12|
|11    |FDCE         |    20|
|12    |FDRE         |    40|
|13    |IBUF         |     8|
|14    |OBUF         |    19|
+------+-------------+------+
---------------------------------------------------------------------------------
Finished Writing Synthesis Report : Time (s): cpu = 00:00:29 ; elapsed = 00:00:30 . Memory (MB): peak = 1810.543 ; gain = 1100.156
---------------------------------------------------------------------------------
Synthesis finished with 0 errors, 0 critical warnings and 1 warnings.
Synthesis Optimization Runtime : Time (s): cpu = 00:00:21 ; elapsed = 00:00:29 . Memory (MB): peak = 1810.543 ; gain = 1034.828
Synthesis Optimization Complete : Time (s): cpu = 00:00:29 ; elapsed = 00:00:30 . Memory (MB): peak = 1810.543 ; gain = 1100.156
INFO: [Project 1-571] Translating synthesized netlist
Netlist sorting complete. Time (s): cpu = 00:00:00 ; elapsed = 00:00:00.002 . Memory (MB): peak = 1818.633 ; gain = 0.000
INFO: [Netlist 29-17] Analyzing 16 Unisim elements for replacement
INFO: [Netlist 29-28] Unisim Transformation completed in 0 CPU seconds
INFO: [Project 1-570] Preparing netlist for logic optimization
INFO: [Opt 31-138] Pushed 0 inverter(s) to 0 load pin(s).
Netlist sorting complete. Time (s): cpu = 00:00:00 ; elapsed = 00:00:00 . Memory (MB): peak = 1822.305 ; gain = 0.000
INFO: [Project 1-111] Unisim Transformation Summary:
No Unisim elements were transformed.

Synth Design complete | Checksum: 168aaa90
INFO: [Common 17-83] Releasing license: Synthesis
35 Infos, 11 Warnings, 0 Critical Warnings and 0 Errors encountered.
synth_design completed successfully
synth_design: Time (s): cpu = 00:00:33 ; elapsed = 00:00:36 . Memory (MB): peak = 1822.305 ; gain = 1315.699
Write ShapeDB Complete: Time (s): cpu = 00:00:00 ; elapsed = 00:00:00.002 . Memory (MB): peak = 1822.305 ; gain = 0.000
INFO: [Common 17-1381] The checkpoint 'C:/VHDL_Projects/camera_to_vga/camera_to_vga.runs/synth_1/top_ov7670_vga.dcp' has been generated.
INFO: [Vivado 12-24828] Executing command : report_utilization -file top_ov7670_vga_utilization_synth.rpt -pb top_ov7670_vga_utilization_synth.pb
INFO: [Common 17-206] Exiting Vivado at Fri Nov 28 14:08:23 2025...
