#-----------------------------------------------------------
# Vivado v2025.1 (64-bit)
# SW Build 6140274 on Thu May 22 00:12:29 MDT 2025
# IP Build 6138677 on Thu May 22 03:10:11 MDT 2025
# SharedData Build 6139179 on Tue May 20 17:58:58 MDT 2025
# Start of session at: Thu Nov 13 11:58:07 2025
# Process ID         : 2100
# Current directory  : C:/Users/liamb/GitHub/KBSCE-Plotter/KBSCE-Plotter.runs/RISC_V_dlmb_v10_0_synth_1
# Command line       : vivado.exe -log RISC_V_dlmb_v10_0.vds -product Vivado -mode batch -messageDb vivado.pb -notrace -source RISC_V_dlmb_v10_0.tcl
# Log file           : C:/Users/liamb/GitHub/KBSCE-Plotter/KBSCE-Plotter.runs/RISC_V_dlmb_v10_0_synth_1/RISC_V_dlmb_v10_0.vds
# Journal file       : C:/Users/liamb/GitHub/KBSCE-Plotter/KBSCE-Plotter.runs/RISC_V_dlmb_v10_0_synth_1\vivado.jou
# Running On         : ThinkpadP1_Liam
# Platform           : Windows Server 2016 or Windows 10
# Operating System   : 26100
# Processor Detail   : Intel(R) Core(TM) i7-10750H CPU @ 2.60GHz
# CPU Frequency      : 2592 MHz
# CPU Physical cores : 6
# CPU Logical cores  : 12
# Host memory        : 34174 MB
# Swap memory        : 5100 MB
# Total Virtual      : 39274 MB
# Available Virtual  : 19622 MB
#-----------------------------------------------------------
source RISC_V_dlmb_v10_0.tcl -notrace
